Component: ARM Compiler 5.06 update 5 (build 528) Tool: armlink [4d35e2]

==============================================================================

Section Cross References

    startup_stm32f407xx.o(STACK) refers (Special) to heapauxi.o(.text) for __use_two_region_memory
    startup_stm32f407xx.o(HEAP) refers (Special) to heapauxi.o(.text) for __use_two_region_memory
    startup_stm32f407xx.o(RESET) refers (Special) to heapauxi.o(.text) for __use_two_region_memory
    startup_stm32f407xx.o(RESET) refers to startup_stm32f407xx.o(STACK) for __initial_sp
    startup_stm32f407xx.o(RESET) refers to startup_stm32f407xx.o(.text) for Reset_Handler
    startup_stm32f407xx.o(RESET) refers to stm32f4xx_it.o(i.NMI_Handler) for NMI_Handler
    startup_stm32f407xx.o(RESET) refers to stm32f4xx_it.o(i.HardFault_Handler) for HardFault_Handler
    startup_stm32f407xx.o(RESET) refers to stm32f4xx_it.o(i.MemManage_Handler) for MemManage_Handler
    startup_stm32f407xx.o(RESET) refers to stm32f4xx_it.o(i.BusFault_Handler) for BusFault_Handler
    startup_stm32f407xx.o(RESET) refers to stm32f4xx_it.o(i.UsageFault_Handler) for UsageFault_Handler
    startup_stm32f407xx.o(RESET) refers to port.o(.emb_text) for SVC_Handler
    startup_stm32f407xx.o(RESET) refers to stm32f4xx_it.o(i.DebugMon_Handler) for DebugMon_Handler
    startup_stm32f407xx.o(RESET) refers to stm32f4xx_it.o(i.SysTick_Handler) for SysTick_Handler
    startup_stm32f407xx.o(RESET) refers to stm32f4xx_it.o(i.EXTI0_IRQHandler) for EXTI0_IRQHandler
    startup_stm32f407xx.o(RESET) refers to stm32f4xx_it.o(i.EXTI3_IRQHandler) for EXTI3_IRQHandler
    startup_stm32f407xx.o(RESET) refers to stm32f4xx_it.o(i.EXTI4_IRQHandler) for EXTI4_IRQHandler
    startup_stm32f407xx.o(RESET) refers to stm32f4xx_it.o(i.CAN1_RX0_IRQHandler) for CAN1_RX0_IRQHandler
    startup_stm32f407xx.o(RESET) refers to stm32f4xx_it.o(i.EXTI9_5_IRQHandler) for EXTI9_5_IRQHandler
    startup_stm32f407xx.o(RESET) refers to stm32f4xx_it.o(i.USART1_IRQHandler) for USART1_IRQHandler
    startup_stm32f407xx.o(RESET) refers to stm32f4xx_it.o(i.DMA2_Stream1_IRQHandler) for DMA2_Stream1_IRQHandler
    startup_stm32f407xx.o(RESET) refers to stm32f4xx_it.o(i.CAN2_RX0_IRQHandler) for CAN2_RX0_IRQHandler
    startup_stm32f407xx.o(RESET) refers to stm32f4xx_it.o(i.OTG_FS_IRQHandler) for OTG_FS_IRQHandler
    startup_stm32f407xx.o(RESET) refers to stm32f4xx_it.o(i.DMA2_Stream5_IRQHandler) for DMA2_Stream5_IRQHandler
    startup_stm32f407xx.o(RESET) refers to stm32f4xx_it.o(i.DMA2_Stream6_IRQHandler) for DMA2_Stream6_IRQHandler
    startup_stm32f407xx.o(RESET) refers to stm32f4xx_it.o(i.DMA2_Stream7_IRQHandler) for DMA2_Stream7_IRQHandler
    startup_stm32f407xx.o(.text) refers (Special) to heapauxi.o(.text) for __use_two_region_memory
    startup_stm32f407xx.o(.text) refers to system_stm32f4xx.o(i.SystemInit) for SystemInit
    startup_stm32f407xx.o(.text) refers to __main.o(!!!main) for __main
    startup_stm32f407xx.o(.text) refers to startup_stm32f407xx.o(HEAP) for Heap_Mem
    startup_stm32f407xx.o(.text) refers to startup_stm32f407xx.o(STACK) for Stack_Mem
    main.o(i.SystemClock_Config) refers to rt_memclr_w.o(.text) for __aeabi_memclr4
    main.o(i.SystemClock_Config) refers to stm32f4xx_hal_rcc.o(i.HAL_RCC_OscConfig) for HAL_RCC_OscConfig
    main.o(i.SystemClock_Config) refers to stm32f4xx_hal_rcc.o(i.HAL_RCC_ClockConfig) for HAL_RCC_ClockConfig
    main.o(i.main) refers to stm32f4xx_hal.o(i.HAL_Init) for HAL_Init
    main.o(i.main) refers to main.o(i.SystemClock_Config) for SystemClock_Config
    main.o(i.main) refers to gpio.o(i.MX_GPIO_Init) for MX_GPIO_Init
    main.o(i.main) refers to dma.o(i.MX_DMA_Init) for MX_DMA_Init
    main.o(i.main) refers to adc.o(i.MX_ADC1_Init) for MX_ADC1_Init
    main.o(i.main) refers to adc.o(i.MX_ADC3_Init) for MX_ADC3_Init
    main.o(i.main) refers to can.o(i.MX_CAN1_Init) for MX_CAN1_Init
    main.o(i.main) refers to can.o(i.MX_CAN2_Init) for MX_CAN2_Init
    main.o(i.main) refers to i2c.o(i.MX_I2C1_Init) for MX_I2C1_Init
    main.o(i.main) refers to spi.o(i.MX_SPI1_Init) for MX_SPI1_Init
    main.o(i.main) refers to tim.o(i.MX_TIM4_Init) for MX_TIM4_Init
    main.o(i.main) refers to tim.o(i.MX_TIM5_Init) for MX_TIM5_Init
    main.o(i.main) refers to usart.o(i.MX_USART3_UART_Init) for MX_USART3_UART_Init
    main.o(i.main) refers to tim.o(i.MX_TIM8_Init) for MX_TIM8_Init
    main.o(i.main) refers to crc.o(i.MX_CRC_Init) for MX_CRC_Init
    main.o(i.main) refers to rng.o(i.MX_RNG_Init) for MX_RNG_Init
    main.o(i.main) refers to i2c.o(i.MX_I2C2_Init) for MX_I2C2_Init
    main.o(i.main) refers to i2c.o(i.MX_I2C3_Init) for MX_I2C3_Init
    main.o(i.main) refers to rtc.o(i.MX_RTC_Init) for MX_RTC_Init
    main.o(i.main) refers to spi.o(i.MX_SPI2_Init) for MX_SPI2_Init
    main.o(i.main) refers to tim.o(i.MX_TIM1_Init) for MX_TIM1_Init
    main.o(i.main) refers to tim.o(i.MX_TIM3_Init) for MX_TIM3_Init
[...]
    HAL_ADC_ConfigChannel                    0x080008b9   Thumb Code   316  stm32f4xx_hal_adc.o(i.HAL_ADC_ConfigChannel)
    HAL_ADC_Init                             0x08000a05   Thumb Code    84  stm32f4xx_hal_adc.o(i.HAL_ADC_Init)
    HAL_ADC_MspInit                          0x08000a59   Thumb Code   108  adc.o(i.HAL_ADC_MspInit)
    HAL_CAN_ErrorCallback                    0x08000ad5   Thumb Code     2  stm32f4xx_hal_can.o(i.HAL_CAN_ErrorCallback)
    HAL_CAN_IRQHandler                       0x08000ad7   Thumb Code   508  stm32f4xx_hal_can.o(i.HAL_CAN_IRQHandler)
    HAL_CAN_Init                             0x08000cd3   Thumb Code   282  stm32f4xx_hal_can.o(i.HAL_CAN_Init)
    HAL_CAN_MspInit                          0x08000ded   Thumb Code   226  can.o(i.HAL_CAN_MspInit)
    HAL_CAN_RxFifo0FullCallback              0x08000ee9   Thumb Code     2  stm32f4xx_hal_can.o(i.HAL_CAN_RxFifo0FullCallback)
    HAL_CAN_RxFifo0MsgPendingCallback        0x08000eeb   Thumb Code     2  stm32f4xx_hal_can.o(i.HAL_CAN_RxFifo0MsgPendingCallback)
    HAL_CAN_RxFifo1FullCallback              0x08000eed   Thumb Code     2  stm32f4xx_hal_can.o(i.HAL_CAN_RxFifo1FullCallback)
    HAL_CAN_RxFifo1MsgPendingCallback        0x08000eef   Thumb Code     2  stm32f4xx_hal_can.o(i.HAL_CAN_RxFifo1MsgPendingCallback)
    HAL_CAN_SleepCallback                    0x08000ef1   Thumb Code     2  stm32f4xx_hal_can.o(i.HAL_CAN_SleepCallback)
    HAL_CAN_TxMailbox0AbortCallback          0x08000ef3   Thumb Code     2  stm32f4xx_hal_can.o(i.HAL_CAN_TxMailbox0AbortCallback)
    HAL_CAN_TxMailbox0CompleteCallback       0x08000ef5   Thumb Code     2  stm32f4xx_hal_can.o(i.HAL_CAN_TxMailbox0CompleteCallback)
    HAL_CAN_TxMailbox1AbortCallback          0x08000ef7   Thumb Code     2  stm32f4xx_hal_can.o(i.HAL_CAN_TxMailbox1AbortCallback)
    HAL_CAN_TxMailbox1CompleteCallback       0x08000ef9   Thumb Code     2  stm32f4xx_hal_can.o(i.HAL_CAN_TxMailbox1CompleteCallback)
    HAL_CAN_TxMailbox2AbortCallback          0x08000efb   Thumb Code     2  stm32f4xx_hal_can.o(i.HAL_CAN_TxMailbox2AbortCallback)
    HAL_CAN_TxMailbox2CompleteCallback       0x08000efd   Thumb Code     2  stm32f4xx_hal_can.o(i.HAL_CAN_TxMailbox2CompleteCallback)
    HAL_CAN_WakeUpFromRxMsgCallback          0x08000eff   Thumb Code     2  stm32f4xx_hal_can.o(i.HAL_CAN_WakeUpFromRxMsgCallback)
    HAL_CRC_Init                             0x08000f01   Thumb Code    34  stm32f4xx_hal_crc.o(i.HAL_CRC_Init)
    HAL_CRC_MspInit                          0x08000f25   Thumb Code    30  crc.o(i.HAL_CRC_MspInit)
    HAL_DMA_Abort                            0x08000f4d   Thumb Code   146  stm32f4xx_hal_dma.o(i.HAL_DMA_Abort)
    HAL_DMA_Abort_IT                         0x08000fdf   Thumb Code    36  stm32f4xx_hal_dma.o(i.HAL_DMA_Abort_IT)
    HAL_DMA_IRQHandler                       0x08001005   Thumb Code   412  stm32f4xx_hal_dma.o(i.HAL_DMA_IRQHandler)
    HAL_DMA_Init                             0x080011a5   Thumb Code   206  stm32f4xx_hal_dma.o(i.HAL_DMA_Init)
    HAL_Delay                                0x08001279   Thumb Code    32  stm32f4xx_hal.o(i.HAL_Delay)
    HAL_GPIO_EXTI_Callback                   0x0800129d   Thumb Code     2  stm32f4xx_hal_gpio.o(i.HAL_GPIO_EXTI_Callback)
    HAL_GPIO_EXTI_IRQHandler                 0x080012a1   Thumb Code    18  stm32f4xx_hal_gpio.o(i.HAL_GPIO_EXTI_IRQHandler)
    HAL_GPIO_Init                            0x080012b9   Thumb Code   450  stm32f4xx_hal_gpio.o(i.HAL_GPIO_Init)
    HAL_GPIO_WritePin                        0x080014a9   Thumb Code    10  stm32f4xx_hal_gpio.o(i.HAL_GPIO_WritePin)
    HAL_GetTick                              0x080014b5   Thumb Code     6  stm32f4xx_hal.o(i.HAL_GetTick)
    HAL_I2C_Init                             0x080014c1   Thumb Code   376  stm32f4xx_hal_i2c.o(i.HAL_I2C_Init)
    HAL_I2C_MspInit                          0x08001649   Thumb Code   302  i2c.o(i.HAL_I2C_MspInit)
    HAL_IncTick                              0x080017a1   Thumb Code    12  stm32f4xx_hal.o(i.HAL_IncTick)
    HAL_Init                                 0x080017b1   Thumb Code    48  stm32f4xx_hal.o(i.HAL_Init)
    HAL_InitTick                             0x080017e5   Thumb Code    54  stm32f4xx_hal.o(i.HAL_InitTick)
    HAL_MspInit                              0x08001825   Thumb Code    52  stm32f4xx_hal_msp.o(i.HAL_MspInit)
    HAL_NVIC_EnableIRQ                       0x0800185d   Thumb Code    26  stm32f4xx_hal_cortex.o(i.HAL_NVIC_EnableIRQ)
    HAL_NVIC_SetPriority                     0x08001879   Thumb Code    60  stm32f4xx_hal_cortex.o(i.HAL_NVIC_SetPriority)
    HAL_NVIC_SetPriorityGrouping             0x080018b9   Thumb Code    26  stm32f4xx_hal_cortex.o(i.HAL_NVIC_SetPriorityGrouping)
    HAL_PCDEx_LPM_Callback                   0x080018dd   Thumb Code     2  stm32f4xx_hal_pcd_ex.o(i.HAL_PCDEx_LPM_Callback)
    HAL_PCDEx_SetRxFiFo                      0x080018df   Thumb Code     8  stm32f4xx_hal_pcd_ex.o(i.HAL_PCDEx_SetRxFiFo)
    HAL_PCDEx_SetTxFiFo                      0x080018e7   Thumb Code    68  stm32f4xx_hal_pcd_ex.o(i.HAL_PCDEx_SetTxFiFo)
    HAL_PCD_ConnectCallback                  0x0800192b   Thumb Code     8  usbd_conf.o(i.HAL_PCD_ConnectCallback)
    HAL_PCD_DataInStageCallback              0x08001933   Thumb Code    18  usbd_conf.o(i.HAL_PCD_DataInStageCallback)
    HAL_PCD_DataOutStageCallback             0x08001945   Thumb Code    20  usbd_conf.o(i.HAL_PCD_DataOutStageCallback)
    HAL_PCD_DisconnectCallback               0x08001959   Thumb Code     8  usbd_conf.o(i.HAL_PCD_DisconnectCallback)
    HAL_PCD_EP_Abort                         0x08001961   Thumb Code    30  stm32f4xx_hal_pcd.o(i.HAL_PCD_EP_Abort)
    HAL_PCD_EP_Close                         0x0800197f   Thumb Code    74  stm32f4xx_hal_pcd.o(i.HAL_PCD_EP_Close)
    HAL_PCD_EP_ClrStall                      0x080019c9   Thumb Code    90  stm32f4xx_hal_pcd.o(i.HAL_PCD_EP_ClrStall)
    HAL_PCD_EP_GetRxCount                    0x08001a23   Thumb Code    18  stm32f4xx_hal_pcd.o(i.HAL_PCD_EP_GetRxCount)
    HAL_PCD_EP_Open                          0x08001a35   Thumb Code    98  stm32f4xx_hal_pcd.o(i.HAL_PCD_EP_Open)
    HAL_PCD_EP_Receive                       0x08001a97   Thumb Code    56  stm32f4xx_hal_pcd.o(i.HAL_PCD_EP_Receive)
    HAL_PCD_EP_SetStall                      0x08001acf   Thumb Code   114  stm32f4xx_hal_pcd.o(i.HAL_PCD_EP_SetStall)
    HAL_PCD_EP_Transmit                      0x08001b41   Thumb Code    50  stm32f4xx_hal_pcd.o(i.HAL_PCD_EP_Transmit)
    HAL_PCD_IRQHandler                       0x08001b75   Thumb Code  1372  stm32f4xx_hal_pcd.o(i.HAL_PCD_IRQHandler)
    HAL_PCD_ISOINIncompleteCallback          0x080020d1   Thumb Code     8  usbd_conf.o(i.HAL_PCD_ISOINIncompleteCallback)
    HAL_PCD_ISOOUTIncompleteCallback         0x080020d9   Thumb Code     8  usbd_conf.o(i.HAL_PCD_ISOOUTIncompleteCallback)
    HAL_PCD_Init                             0x080020e1   Thumb Code   204  stm32f4xx_hal_pcd.o(i.HAL_PCD_Init)
    HAL_PCD_MspInit                          0x080021ad   Thumb Code   122  usbd_conf.o(i.HAL_PCD_MspInit)
    HAL_PCD_ResetCallback                    0x08002231   Thumb Code    44  usbd_conf.o(i.HAL_PCD_ResetCallback)
    HAL_PCD_ResumeCallback                   0x0800225d   Thumb Code     8  usbd_conf.o(i.HAL_PCD_ResumeCallback)
    HAL_PCD_SOFCallback                      0x08002265   Thumb Code     8  usbd_conf.o(i.HAL_PCD_SOFCallback)
    HAL_PCD_SetAddress                       0x0800226d   Thumb Code    38  stm32f4xx_hal_pcd.o(i.HAL_PCD_SetAddress)
    HAL_PCD_SetupStageCallback               0x08002293   Thumb Code    14  usbd_conf.o(i.HAL_PCD_SetupStageCallback)
    HAL_PCD_Start                            0x080022a1   Thumb Code    66  stm32f4xx_hal_pcd.o(i.HAL_PCD_Start)
    HAL_PCD_SuspendCallback                  0x080022e5   Thumb Code    44  usbd_conf.o(i.HAL_PCD_SuspendCallback)
    HAL_RCCEx_PeriphCLKConfig                0x08002315   Thumb Code   296  stm32f4xx_hal_rcc_ex.o(i.HAL_RCCEx_PeriphCLKConfig)
    HAL_RCC_ClockConfig                      0x08002451   Thumb Code   288  stm32f4xx_hal_rcc.o(i.HAL_RCC_ClockConfig)
    HAL_RCC_GetHCLKFreq                      0x08002585   Thumb Code     6  stm32f4xx_hal_rcc.o(i.HAL_RCC_GetHCLKFreq)
    HAL_RCC_GetPCLK1Freq                     0x08002591   Thumb Code    20  stm32f4xx_hal_rcc.o(i.HAL_RCC_GetPCLK1Freq)
    HAL_RCC_GetPCLK2Freq                     0x080025b1   Thumb Code    20  stm32f4xx_hal_rcc.o(i.HAL_RCC_GetPCLK2Freq)
    HAL_RCC_GetSysClockFreq                  0x080025d1   Thumb Code    88  stm32f4xx_hal_rcc.o(i.HAL_RCC_GetSysClockFreq)
    HAL_RCC_OscConfig                        0x08002635   Thumb Code   856  stm32f4xx_hal_rcc.o(i.HAL_RCC_OscConfig)
    HAL_RNG_Init                             0x080029a1   Thumb Code    50  stm32f4xx_hal_rng.o(i.HAL_RNG_Init)
    HAL_RNG_MspInit                          0x080029d5   Thumb Code    30  rng.o(i.HAL_RNG_MspInit)
    HAL_RTC_Init                             0x080029fd   Thumb Code   150  stm32f4xx_hal_rtc.o(i.HAL_RTC_Init)
    HAL_RTC_MspInit                          0x08002a99   Thumb Code    48  rtc.o(i.HAL_RTC_MspInit)
    HAL_RTC_WaitForSynchro                   0x08002ad5   Thumb Code    50  stm32f4xx_hal_rtc.o(i.HAL_RTC_WaitForSynchro)
    HAL_SPI_Init                             0x08002b0d   Thumb Code   188  stm32f4xx_hal_spi.o(i.HAL_SPI_Init)
    HAL_SPI_MspInit                          0x08002bc9   Thumb Code   300  spi.o(i.HAL_SPI_MspInit)
    HAL_SYSTICK_Config                       0x08002d11   Thumb Code    40  stm32f4xx_hal_cortex.o(i.HAL_SYSTICK_Config)
    HAL_TIMEx_ConfigBreakDeadTime            0x08002d39   Thumb Code    84  stm32f4xx_hal_tim_ex.o(i.HAL_TIMEx_ConfigBreakDeadTime)
    HAL_TIMEx_MasterConfigSynchronization    0x08002d8d   Thumb Code   116  stm32f4xx_hal_tim_ex.o(i.HAL_TIMEx_MasterConfigSynchronization)
    HAL_TIM_Base_Init                        0x08002e1d   Thumb Code    90  stm32f4xx_hal_tim.o(i.HAL_TIM_Base_Init)
    HAL_TIM_Base_MspInit                     0x08002e79   Thumb Code   142  tim.o(i.HAL_TIM_Base_MspInit)
    HAL_TIM_ConfigClockSource                0x08002f25   Thumb Code   220  stm32f4xx_hal_tim.o(i.HAL_TIM_ConfigClockSource)
    HAL_TIM_MspPostInit                      0x08003001   Thumb Code   304  tim.o(i.HAL_TIM_MspPostInit)
    HAL_TIM_PWM_ConfigChannel                0x08003165   Thumb Code   204  stm32f4xx_hal_tim.o(i.HAL_TIM_PWM_ConfigChannel)
    HAL_TIM_PWM_Init                         0x08003231   Thumb Code    90  stm32f4xx_hal_tim.o(i.HAL_TIM_PWM_Init)
    HAL_TIM_PWM_MspInit                      0x0800328b   Thumb Code     2  stm32f4xx_hal_tim.o(i.HAL_TIM_PWM_MspInit)
    HAL_UARTEx_RxEventCallback               0x0800328d   Thumb Code     2  stm32f4xx_hal_uart.o(i.HAL_UARTEx_RxEventCallback)
    HAL_UART_ErrorCallback                   0x0800328f   Thumb Code     2  stm32f4xx_hal_uart.o(i.HAL_UART_ErrorCallback)
    HAL_UART_IRQHandler                      0x08003291   Thumb Code   618  stm32f4xx_hal_uart.o(i.HAL_UART_IRQHandler)
    HAL_UART_Init                            0x08003501   Thumb Code   100  stm32f4xx_hal_uart.o(i.HAL_UART_Init)
    HAL_UART_MspInit                         0x08003565   Thumb Code   550  usart.o(i.HAL_UART_MspInit)
    HAL_UART_RxCpltCallback                  0x080037bd   Thumb Code     2  stm32f4xx_hal_uart.o(i.HAL_UART_RxCpltCallback)
    HAL_UART_TxCpltCallback                  0x080037bf   Thumb Code     2  stm32f4xx_hal_uart.o(i.HAL_UART_TxCpltCallback)
    HardFault_Handler                        0x080037c1   Thumb Code     2  stm32f4xx_it.o(i.HardFault_Handler)
    MX_ADC1_Init                             0x080037fd   Thumb Code    88  adc.o(i.MX_ADC1_Init)
    MX_ADC3_Init                             0x08003861   Thumb Code    88  adc.o(i.MX_ADC3_Init)
    MX_CAN1_Init                             0x080038c5   Thumb Code    60  can.o(i.MX_CAN1_Init)
    MX_CAN2_Init                             0x08003909   Thumb Code    60  can.o(i.MX_CAN2_Init)
    MX_CRC_Init                              0x0800394d   Thumb Code    28  crc.o(i.MX_CRC_Init)
    MX_DMA_Init                              0x08003971   Thumb Code   168  dma.o(i.MX_DMA_Init)
    MX_FREERTOS_Init                         0x08003a1d   Thumb Code    52  freertos.o(i.MX_FREERTOS_Init)
    MX_GPIO_Init                             0x08003a59   Thumb Code   432  gpio.o(i.MX_GPIO_Init)
    MX_I2C1_Init                             0x08003c21   Thumb Code    50  i2c.o(i.MX_I2C1_Init)
    MX_I2C2_Init                             0x08003c61   Thumb Code    50  i2c.o(i.MX_I2C2_Init)
    MX_I2C3_Init                             0x08003ca1   Thumb Code    50  i2c.o(i.MX_I2C3_Init)
    MX_RNG_Init                              0x08003ce1   Thumb Code    28  rng.o(i.MX_RNG_Init)
    MX_RTC_Init                              0x08003d05   Thumb Code    46  rtc.o(i.MX_RTC_Init)
    MX_SPI1_Init                             0x08003d3d   Thumb Code    64  spi.o(i.MX_SPI1_Init)
    MX_SPI2_Init                             0x08003d85   Thumb Code    64  spi.o(i.MX_SPI2_Init)
    MX_TIM10_Init                            0x08003dcd   Thumb Code    92  tim.o(i.MX_TIM10_Init)
    MX_TIM1_Init                             0x08003e31   Thumb Code   244  tim.o(i.MX_TIM1_Init)
    MX_TIM3_Init                             0x08003f2d   Thumb Code   142  tim.o(i.MX_TIM3_Init)
    MX_TIM4_Init                             0x08003fc5   Thumb Code   144  tim.o(i.MX_TIM4_Init)
    MX_TIM5_Init                             0x0800405d   Thumb Code   174  tim.o(i.MX_TIM5_Init)
    MX_TIM8_Init                             0x08004115   Thumb Code   212  tim.o(i.MX_TIM8_Init)
    MX_USART1_UART_Init                      0x080041f1   Thumb Code    48  usart.o(i.MX_USART1_UART_Init)
    MX_USART3_UART_Init                      0x08004229   Thumb Code    50  usart.o(i.MX_USART3_UART_Init)
    MX_USART6_UART_Init                      0x08004269   Thumb Code    48  usart.o(i.MX_USART6_UART_Init)
    MX_USB_DEVICE_Init                       0x080042a1   Thumb Code    66  usb_device.o(i.MX_USB_DEVICE_Init)
    MemManage_Handler                        0x080042f5   Thumb Code     2  stm32f4xx_it.o(i.MemManage_Handler)
    NMI_Handler                              0x080042f7   Thumb Code     2  stm32f4xx_it.o(i.NMI_Handler)
    OTG_FS_IRQHandler                        0x080042f9   Thumb Code     6  stm32f4xx_it.o(i.OTG_FS_IRQHandler)
    RTC_EnterInitMode                        0x08004475   Thumb Code    72  stm32f4xx_hal_rtc.o(i.RTC_EnterInitMode)
    RTC_ExitInitMode                         0x080044bd   Thumb Code    42  stm32f4xx_hal_rtc.o(i.RTC_ExitInitMode)
    SysTick_Handler                          0x080044f1   Thumb Code    24  stm32f4xx_it.o(i.SysTick_Handler)
    SystemClock_Config                       0x08004509   Thumb Code   140  main.o(i.SystemClock_Config)
    SystemInit                               0x0800459d   Thumb Code    12  system_stm32f4xx.o(i.SystemInit)
    TIM_Base_SetConfig                       0x080045ad   Thumb Code   170  stm32f4xx_hal_tim.o(i.TIM_Base_SetConfig)
    TIM_ETR_SetConfig                        0x08004685   Thumb Code    20  stm32f4xx_hal_tim.o(i.TIM_ETR_SetConfig)
    TIM_OC2_SetConfig                        0x08004709   Thumb Code    98  stm32f4xx_hal_tim.o(i.TIM_OC2_SetConfig)
    USART1_IRQHandler                        0x08004aa1   Thumb Code     6  stm32f4xx_it.o(i.USART1_IRQHandler)
    USBD_CDC_GetDeviceQualifierDescriptor    0x08004c29   Thumb Code     8  usbd_cdc.o(i.USBD_CDC_GetDeviceQualifierDescriptor)
    USBD_CDC_ReceivePacket                   0x08004e05   Thumb Code    50  usbd_cdc.o(i.USBD_CDC_ReceivePacket)
    USBD_CDC_RegisterInterface               0x08004e3d   Thumb Code    22  usbd_cdc.o(i.USBD_CDC_RegisterInterface)
    USBD_CDC_SetRxBuffer                     0x08004e53   Thumb Code    26  usbd_cdc.o(i.USBD_CDC_SetRxBuffer)
    USBD_CDC_SetTxBuffer                     0x08004e6d   Thumb Code    30  usbd_cdc.o(i.USBD_CDC_SetTxBuffer)
    USBD_ClrClassConfig                      0x08004f5f   Thumb Code    20  usbd_core.o(i.USBD_ClrClassConfig)
    USBD_CoreFindEP                          0x08004f73   Thumb Code     4  usbd_core.o(i.USBD_CoreFindEP)
    USBD_CoreFindIF                          0x08004f77   Thumb Code     4  usbd_core.o(i.USBD_CoreFindIF)
    USBD_CtlContinueRx                       0x08004f7b   Thumb Code    16  usbd_ioreq.o(i.USBD_CtlContinueRx)
    USBD_CtlContinueSendData                 0x08004f8b   Thumb Code    16  usbd_ioreq.o(i.USBD_CtlContinueSendData)
    USBD_CtlError                            0x08004f9b   Thumb Code    22  usbd_ctlreq.o(i.USBD_CtlError)
    USBD_CtlPrepareRx                        0x08004fb1   Thumb Code    30  usbd_ioreq.o(i.USBD_CtlPrepareRx)
    USBD_CtlReceiveStatus                    0x08004fcf   Thumb Code    22  usbd_ioreq.o(i.USBD_CtlReceiveStatus)
    USBD_CtlSendData                         0x08004fe5   Thumb Code    26  usbd_ioreq.o(i.USBD_CtlSendData)
    USBD_CtlSendStatus                       0x08004fff   Thumb Code    22  usbd_ioreq.o(i.USBD_CtlSendStatus)
    USBD_FS_ConfigStrDescriptor              0x08005015   Thumb Code    16  usbd_desc.o(i.USBD_FS_ConfigStrDescriptor)
    USBD_FS_DeviceDescriptor                 0x08005035   Thumb Code     8  usbd_desc.o(i.USBD_FS_DeviceDescriptor)
    USBD_FS_InterfaceStrDescriptor           0x08005041   Thumb Code    16  usbd_desc.o(i.USBD_FS_InterfaceStrDescriptor)
    USBD_FS_LangIDStrDescriptor              0x08005065   Thumb Code     8  usbd_desc.o(i.USBD_FS_LangIDStrDescriptor)
    USBD_FS_ManufacturerStrDescriptor        0x08005071   Thumb Code    16  usbd_desc.o(i.USBD_FS_ManufacturerStrDescriptor)
    USBD_FS_ProductStrDescriptor             0x08005099   Thumb Code    16  usbd_desc.o(i.USBD_FS_ProductStrDescriptor)
    USBD_FS_SerialStrDescriptor              0x080050c5   Thumb Code    48  usbd_desc.o(i.USBD_FS_SerialStrDescriptor)
    USBD_GetEpDesc                           0x080051e3   Thumb Code    58  usbd_core.o(i.USBD_GetEpDesc)
    USBD_GetNextDesc                         0x08005231   Thumb Code    14  usbd_core.o(i.USBD_GetNextDesc)
    USBD_GetString                           0x0800523f   Thumb Code    78  usbd_ctlreq.o(i.USBD_GetString)
    USBD_Get_USB_Status                      0x0800528d   Thumb Code    24  usbd_conf.o(i.USBD_Get_USB_Status)
    USBD_Init                                0x080052a5   Thumb Code    38  usbd_core.o(i.USBD_Init)
    USBD_LL_ClearStallEP                     0x080052cb   Thumb Code    18  usbd_conf.o(i.USBD_LL_ClearStallEP)
    USBD_LL_CloseEP                          0x080052dd   Thumb Code    18  usbd_conf.o(i.USBD_LL_CloseEP)
    USBD_LL_DataInStage                      0x080052ef   Thumb Code   182  usbd_core.o(i.USBD_LL_DataInStage)
    USBD_LL_DataOutStage                     0x080053a5   Thumb Code   142  usbd_core.o(i.USBD_LL_DataOutStage)
    USBD_LL_DevConnected                     0x08005433   Thumb Code     4  usbd_core.o(i.USBD_LL_DevConnected)
    USBD_LL_DevDisconnected                  0x08005437   Thumb Code    30  usbd_core.o(i.USBD_LL_DevDisconnected)
    USBD_LL_GetRxDataSize                    0x08005455   Thumb Code     8  usbd_conf.o(i.USBD_LL_GetRxDataSize)
    USBD_LL_Init                             0x0800545d   Thumb Code    90  usbd_conf.o(i.USBD_LL_Init)
    USBD_LL_IsStallEP                        0x080054bd   Thumb Code    30  usbd_conf.o(i.USBD_LL_IsStallEP)
    USBD_LL_IsoINIncomplete                  0x080054db   Thumb Code    40  usbd_core.o(i.USBD_LL_IsoINIncomplete)
    USBD_LL_IsoOUTIncomplete                 0x08005503   Thumb Code    40  usbd_core.o(i.USBD_LL_IsoOUTIncomplete)
    USBD_LL_OpenEP                           0x0800552b   Thumb Code    24  usbd_conf.o(i.USBD_LL_OpenEP)
    USBD_LL_PrepareReceive                   0x08005543   Thumb Code    18  usbd_conf.o(i.USBD_LL_PrepareReceive)
    USBD_LL_Reset                            0x08005555   Thumb Code    92  usbd_core.o(i.USBD_LL_Reset)
    USBD_LL_Resume                           0x080055b1   Thumb Code    20  usbd_core.o(i.USBD_LL_Resume)
    USBD_LL_SOF                              0x080055c5   Thumb Code    26  usbd_core.o(i.USBD_LL_SOF)
    USBD_LL_SetSpeed                         0x080055df   Thumb Code     6  usbd_core.o(i.USBD_LL_SetSpeed)
    USBD_LL_SetUSBAddress                    0x080055e5   Thumb Code    18  usbd_conf.o(i.USBD_LL_SetUSBAddress)
    USBD_LL_SetupStage                       0x080055f7   Thumb Code    96  usbd_core.o(i.USBD_LL_SetupStage)
    USBD_LL_StallEP                          0x08005657   Thumb Code    18  usbd_conf.o(i.USBD_LL_StallEP)
    USBD_LL_Start                            0x08005669   Thumb Code    18  usbd_conf.o(i.USBD_LL_Start)
    USBD_LL_Suspend                          0x0800567b   Thumb Code    26  usbd_core.o(i.USBD_LL_Suspend)
    USBD_LL_Transmit                         0x08005695   Thumb Code    18  usbd_conf.o(i.USBD_LL_Transmit)
    USBD_ParseSetupRequest                   0x080056a7   Thumb Code    44  usbd_ctlreq.o(i.USBD_ParseSetupRequest)
    USBD_RegisterClass                       0x080056d3   Thumb Code    58  usbd_core.o(i.USBD_RegisterClass)
    USBD_SetClassConfig                      0x0800570d   Thumb Code    20  usbd_core.o(i.USBD_SetClassConfig)
    USBD_Start                               0x080057d9   Thumb Code     4  usbd_core.o(i.USBD_Start)
    USBD_StdDevReq                           0x080057dd   Thumb Code   300  usbd_ctlreq.o(i.USBD_StdDevReq)
    USBD_StdEPReq                            0x08005909   Thumb Code   352  usbd_ctlreq.o(i.USBD_StdEPReq)
    USBD_StdItfReq                           0x08005a69   Thumb Code   114  usbd_ctlreq.o(i.USBD_StdItfReq)
    USBD_static_free                         0x08005adb   Thumb Code     2  usbd_conf.o(i.USBD_static_free)
    USBD_static_malloc                       0x08005add   Thumb Code     4  usbd_conf.o(i.USBD_static_malloc)
    USB_ActivateEndpoint                     0x08005ae5   Thumb Code   122  stm32f4xx_ll_usb.o(i.USB_ActivateEndpoint)
    USB_ActivateSetup                        0x08005b65   Thumb Code    28  stm32f4xx_ll_usb.o(i.USB_ActivateSetup)
    USB_CoreInit                             0x08005b81   Thumb Code   126  stm32f4xx_ll_usb.o(i.USB_CoreInit)
    USB_DeactivateEndpoint                   0x08005c41   Thumb Code   194  stm32f4xx_ll_usb.o(i.USB_DeactivateEndpoint)
    USB_DevConnect                           0x08005d0d   Thumb Code    28  stm32f4xx_ll_usb.o(i.USB_DevConnect)
    USB_DevDisconnect                        0x08005d29   Thumb Code    28  stm32f4xx_ll_usb.o(i.USB_DevDisconnect)
    USB_DevInit                              0x08005d45   Thumb Code   370  stm32f4xx_ll_usb.o(i.USB_DevInit)
    USB_DisableGlobalInt                     0x08005ec1   Thumb Code    12  stm32f4xx_ll_usb.o(i.USB_DisableGlobalInt)
    USB_EP0_OutStart                         0x08005ecd   Thumb Code    84  stm32f4xx_ll_usb.o(i.USB_EP0_OutStart)
    USB_EPClearStall                         0x08005f25   Thumb Code    88  stm32f4xx_ll_usb.o(i.USB_EPClearStall)
    USB_EPSetStall                           0x08005f7d   Thumb Code    88  stm32f4xx_ll_usb.o(i.USB_EPSetStall)
    USB_EPStartXfer                          0x08005fd5   Thumb Code   562  stm32f4xx_ll_usb.o(i.USB_EPStartXfer)
    USB_EPStopXfer                           0x0800620d   Thumb Code   158  stm32f4xx_ll_usb.o(i.USB_EPStopXfer)
    USB_EnableGlobalInt                      0x080062ab   Thumb Code    12  stm32f4xx_ll_usb.o(i.USB_EnableGlobalInt)
    USB_FlushRxFifo                          0x080062b7   Thumb Code    56  stm32f4xx_ll_usb.o(i.USB_FlushRxFifo)
    USB_FlushTxFifo                          0x080062ef   Thumb Code    60  stm32f4xx_ll_usb.o(i.USB_FlushTxFifo)
    USB_GetDevSpeed                          0x0800632b   Thumb Code    26  stm32f4xx_ll_usb.o(i.USB_GetDevSpeed)
    USB_GetMode                              0x08006345   Thumb Code     8  stm32f4xx_ll_usb.o(i.USB_GetMode)
    USB_ReadDevAllInEpInterrupt              0x0800634d   Thumb Code    14  stm32f4xx_ll_usb.o(i.USB_ReadDevAllInEpInterrupt)
    USB_ReadDevAllOutEpInterrupt             0x0800635b   Thumb Code    14  stm32f4xx_ll_usb.o(i.USB_ReadDevAllOutEpInterrupt)
    USB_ReadDevInEPInterrupt                 0x08006369   Thumb Code    36  stm32f4xx_ll_usb.o(i.USB_ReadDevInEPInterrupt)
    USB_ReadDevOutEPInterrupt                0x0800638d   Thumb Code    16  stm32f4xx_ll_usb.o(i.USB_ReadDevOutEPInterrupt)
    USB_ReadInterrupts                       0x0800639d   Thumb Code     8  stm32f4xx_ll_usb.o(i.USB_ReadInterrupts)
    USB_ReadPacket                           0x080063a5   Thumb Code    62  stm32f4xx_ll_usb.o(i.USB_ReadPacket)
    USB_SetCurrentMode                       0x080063e3   Thumb Code    92  stm32f4xx_ll_usb.o(i.USB_SetCurrentMode)
    USB_SetDevAddress                        0x0800643f   Thumb Code    34  stm32f4xx_ll_usb.o(i.USB_SetDevAddress)
    USB_SetTurnaroundTime                    0x08006461   Thumb Code   158  stm32f4xx_ll_usb.o(i.USB_SetTurnaroundTime)
    USB_WritePacket                          0x08006549   Thumb Code    40  stm32f4xx_ll_usb.o(i.USB_WritePacket)
    UsageFault_Handler                       0x08006571   Thumb Code     2  stm32f4xx_it.o(i.UsageFault_Handler)
    main                                     0x08006593   Thumb Code   110  main.o(i.main)
    motor_task                               0x0800660d   Thumb Code     2  motor_task.o(i.motor_task)
    osDelay                                  0x0800660f   Thumb Code    14  cmsis_os.o(i.osDelay)
    osKernelStart                            0x0800661d   Thumb Code    10  cmsis_os.o(i.osKernelStart)
    osThreadCreate                           0x08006627   Thumb Code    84  cmsis_os.o(i.osThreadCreate)
    pvPortMalloc                             0x08006e25   Thumb Code   216  heap_4.o(i.pvPortMalloc)
    pxPortInitialiseStack                    0x08006f01   Thumb Code    40  port.o(i.pxPortInitialiseStack)
    test_task                                0x08006f2d   Thumb Code    12  freertos.o(i.test_task)
    uxListRemove                             0x08006f39   Thumb Code    38  list.o(i.uxListRemove)
    vApplicationGetIdleTaskMemory            0x08006f61   Thumb Code    16  freertos.o(i.vApplicationGetIdleTaskMemory)
    vApplicationGetTimerTaskMemory           0x08006f75   Thumb Code    18  freertos.o(i.vApplicationGetTimerTaskMemory)
    vListInitialise                          0x08006f8d   Thumb Code    22  list.o(i.vListInitialise)
    vListInitialiseItem                      0x08006fa3   Thumb Code     6  list.o(i.vListInitialiseItem)
    vListInsert                              0x08006fa9   Thumb Code    48  list.o(i.vListInsert)
    vListInsertEnd                           0x08006fd9   Thumb Code    24  list.o(i.vListInsertEnd)
    vPortEnterCritical                       0x08006ff1   Thumb Code    54  port.o(i.vPortEnterCritical)
    vPortExitCritical                        0x08007031   Thumb Code    34  port.o(i.vPortExitCritical)
    vPortFree                                0x08007059   Thumb Code    94  heap_4.o(i.vPortFree)
    vPortSetupTimerInterrupt                 0x080070bd   Thumb Code    32  port.o(i.vPortSetupTimerInterrupt)
    vPortValidateInterruptPriority           0x080070e1   Thumb Code    74  port.o(i.vPortValidateInterruptPriority)
    vQueueAddToRegistry                      0x08007135   Thumb Code    34  queue.o(i.vQueueAddToRegistry)
    vQueueWaitForMessageRestricted           0x0800715d   Thumb Code    68  queue.o(i.vQueueWaitForMessageRestricted)
    vTaskDelay                               0x080071a1   Thumb Code    66  tasks.o(i.vTaskDelay)
    vTaskInternalSetTimeOutState             0x080071ed   Thumb Code    12  tasks.o(i.vTaskInternalSetTimeOutState)
    vTaskMissedYield                         0x080071fd   Thumb Code     8  tasks.o(i.vTaskMissedYield)
    vTaskPlaceOnEventList                    0x08007209   Thumb Code    44  tasks.o(i.vTaskPlaceOnEventList)
    vTaskPlaceOnEventListRestricted          0x08007239   Thumb Code    52  tasks.o(i.vTaskPlaceOnEventListRestricted)
    vTaskStartScheduler                      0x08007271   Thumb Code   118  tasks.o(i.vTaskStartScheduler)
    vTaskSuspendAll                          0x080072f9   Thumb Code    10  tasks.o(i.vTaskSuspendAll)
    vTaskSwitchContext                       0x08007309   Thumb Code    82  tasks.o(i.vTaskSwitchContext)
    xPortStartScheduler                      0x08007365   Thumb Code   222  port.o(i.xPortStartScheduler)
    xPortSysTickHandler                      0x08007459   Thumb Code    38  port.o(i.xPortSysTickHandler)
    xQueueGenericCreateStatic                0x08007485   Thumb Code   102  queue.o(i.xQueueGenericCreateStatic)
    xQueueGenericReset                       0x080074ed   Thumb Code   132  queue.o(i.xQueueGenericReset)
    xQueueGenericSend                        0x08007575   Thumb Code   346  queue.o(i.xQueueGenericSend)
    xQueueGenericSendFromISR                 0x080076d5   Thumb Code   190  queue.o(i.xQueueGenericSendFromISR)
    xQueueReceive                            0x08007795   Thumb Code   308  queue.o(i.xQueueReceive)
    xTaskCheckForTimeOut                     0x080078cd   Thumb Code   132  tasks.o(i.xTaskCheckForTimeOut)
    xTaskCreate                              0x08007955   Thumb Code    90  tasks.o(i.xTaskCreate)
    xTaskCreateStatic                        0x080079af   Thumb Code    86  tasks.o(i.xTaskCreateStatic)
    xTaskGetSchedulerState                   0x08007a05   Thumb Code    22  tasks.o(i.xTaskGetSchedulerState)
    xTaskGetTickCount                        0x08007a21   Thumb Code     6  tasks.o(i.xTaskGetTickCount)
    xTaskIncrementTick                       0x08007a2d   Thumb Code   194  tasks.o(i.xTaskIncrementTick)
    xTaskPriorityDisinherit                  0x08007af9   Thumb Code   144  tasks.o(i.xTaskPriorityDisinherit)
    xTaskRemoveFromEventList                 0x08007b91   Thumb Code   108  tasks.o(i.xTaskRemoveFromEventList)
    xTaskResumeAll                           0x08007c05   Thumb Code   182  tasks.o(i.xTaskResumeAll)
    xTimerCreateTimerTask                    0x08007cc9   Thumb Code    78  timers.o(i.xTimerCreateTimerTask)
    xTimerGenericCommand                     0x08007d29   Thumb Code    98  timers.o(i.xTimerGenericCommand)
    _fp_init                                 0x08007d91   Thumb Code    10  fpinit.o(x$fpl$fpinit)
    __fplib_config_fpu_vfp                   0x08007d99   Thumb Code     0  fpinit.o(x$fpl$fpinit)
    __fplib_config_pureend_doubles           0x08007d99   Thumb Code     0  fpinit.o(x$fpl$fpinit)
    AHBPrescTable                            0x08007ddc   Data          16  system_stm32f4xx.o(.constdata)
    APBPrescTable                            0x08007dec   Data           8  system_stm32f4xx.o(.constdata)
    Region$$Table$$Base                      0x08007e04   Number         0  anon$$obj.o(Region$$Table)
    Region$$Table$$Limit                     0x08007e24   Number         0  anon$$obj.o(Region$$Table)
    testHandle                               0x20000000   Data           4  freertos.o(.data)
    motor_taskHandle                         0x20000004   Data           4  freertos.o(.data)
    hcrc                                     0x2000000c   Data           8  crc.o(.data)
    FS_Desc                                  0x20000014   Data          28  usbd_desc.o(.data)
    USBD_LangIDDesc                          0x20000030   Data           4  usbd_desc.o(.data)
    USBD_FS_DeviceDesc                       0x20000034   Data          18  usbd_desc.o(.data)
    USBD_StringSerial                        0x20000048   Data          26  usbd_desc.o(.data)
    USBD_Interface_fops_FS                   0x20000064   Data          20  usbd_cdc_if.o(.data)
    uwTickFreq                               0x20000078   Data           1  stm32f4xx_hal.o(.data)
    uwTickPrio                               0x2000007c   Data           4  stm32f4xx_hal.o(.data)
    uwTick                                   0x20000080   Data           4  stm32f4xx_hal.o(.data)
    SystemCoreClock                          0x20000084   Data           4  system_stm32f4xx.o(.data)
    pxCurrentTCB                             0x20000088   Data           4  tasks.o(.data)
    USBD_CDC                                 0x2000015c   Data          56  usbd_cdc.o(.data)
    hadc1                                    0x2000083c   Data          72  adc.o(.bss)
    hadc3                                    0x20000884   Data          72  adc.o(.bss)
    hcan1                                    0x200008cc   Data          40  can.o(.bss)
    hcan2                                    0x200008f4   Data          40  can.o(.bss)
    hi2c1                                    0x2000091c   Data          84  i2c.o(.bss)
    hi2c2                                    0x20000970   Data          84  i2c.o(.bss)
    hi2c3                                    0x200009c4   Data          84  i2c.o(.bss)
    hdma_i2c2_tx                             0x20000a18   Data          96  i2c.o(.bss)
    hrng                                     0x20000a78   Data          16  rng.o(.bss)
    hrtc                                     0x20000a88   Data          32  rtc.o(.bss)
    hspi1                                    0x20000aa8   Data          88  spi.o(.bss)
    hspi2                                    0x20000b00   Data          88  spi.o(.bss)
    hdma_spi1_rx                             0x20000b58   Data          96  spi.o(.bss)
    hdma_spi1_tx                             0x20000bb8   Data          96  spi.o(.bss)
    htim1                                    0x20000c18   Data          72  tim.o(.bss)
    htim3                                    0x20000c60   Data          72  tim.o(.bss)
    htim4                                    0x20000ca8   Data          72  tim.o(.bss)
    htim5                                    0x20000cf0   Data          72  tim.o(.bss)
    htim8                                    0x20000d38   Data          72  tim.o(.bss)
    htim10                                   0x20000d80   Data          72  tim.o(.bss)
    huart1                                   0x20000dc8   Data          72  usart.o(.bss)
    huart3                                   0x20000e10   Data          72  usart.o(.bss)
    huart6                                   0x20000e58   Data          72  usart.o(.bss)
    hdma_usart1_tx                           0x20000ea0   Data          96  usart.o(.bss)
    hdma_usart1_rx                           0x20000f00   Data          96  usart.o(.bss)
    hdma_usart3_rx                           0x20000f60   Data          96  usart.o(.bss)
    hdma_usart6_rx                           0x20000fc0   Data          96  usart.o(.bss)
    hdma_usart6_tx                           0x20001020   Data          96  usart.o(.bss)
    hUsbDeviceFS                             0x20001080   Data         732  usb_device.o(.bss)
    hpcd_USB_OTG_FS                          0x2000157c   Data        1252  usbd_conf.o(.bss)
    USBD_StrDesc                             0x20001a60   Data         512  usbd_desc.o(.bss)
    UserRxBufferFS                           0x20001c60   Data        2048  usbd_cdc_if.o(.bss)
    UserTxBufferFS                           0x20002460   Data        2048  usbd_cdc_if.o(.bss)
    xQueueRegistry                           0x20002c60   Data          64  queue.o(.bss)
    __libspace_start                         0x20008ea0   Data          96  libspace.o(.bss)
    __temporary_stack_top$libspace           0x20008f00   Data           0  libspace.o(.bss)



==============================================================================

Memory Map of the image

  Image Entry point : 0x08000189

  Load Region LR_IROM1 (Base: 0x08000000, Size: 0x00007fb8, Max: 0x00100000, ABSOLUTE, COMPRESSED[0x00007ee0])

    Execution Region ER_IROM1 (Exec base: 0x08000000, Load base: 0x08000000, Size: 0x00007e24, Max: 0x00100000, ABSOLUTE)

    Exec Addr    Load Addr    Size         Type   Attr      Idx    E Section Name        Object

    0x08000000   0x08000000   0x00000188   Data   RO            3    RESET               startup_stm32f407xx.o
    0x08000188   0x08000188   0x00000008   Code   RO         8360  * !!!main             c_w.l(__main.o)
    0x08000190   0x08000190   0x00000034   Code   RO         8531    !!!scatter          c_w.l(__scatter.o)
    0x080001c4   0x080001c4   0x0000005a   Code   RO         8529    !!dczerorl2         c_w.l(__dczerorl2.o)
    0x0800021e   0x0800021e   0x00000002   PAD
    0x08000220   0x08000220   0x0000001c   Code   RO         8533    !!handler_zi        c_w.l(__scatter_zi.o)
    0x0800023c   0x0800023c   0x00000002   Code   RO         8399    .ARM.Collect$$libinit$$00000000  c_w.l(libinit.o)
    0x0800023e   0x0800023e   0x00000004   Code   RO         8411    .ARM.Collect$$libinit$$00000001  c_w.l(libinit2.o)
    0x08000242   0x08000242   0x00000000   Code   RO         8414    .ARM.Collect$$libinit$$00000004  c_w.l(libinit2.o)
    0x08000242   0x08000242   0x00000000   Code   RO         8417    .ARM.Collect$$libinit$$0000000A  c_w.l(libinit2.o)
    0x08000242   0x08000242   0x00000000   Code   RO         8419    .ARM.Collect$$libinit$$0000000C  c_w.l(libinit2.o)
    0x08000242   0x08000242   0x00000000   Code   RO         8421    .ARM.Collect$$libinit$$0000000E  c_w.l(libinit2.o)
    0x08000242   0x08000242   0x00000000   Code   RO         8424    .ARM.Collect$$libinit$$00000011  c_w.l(libinit2.o)
    0x08000242   0x08000242   0x00000000   Code   RO         8426    .ARM.Collect$$libinit$$00000013  c_w.l(libinit2.o)
    0x08000242   0x08000242   0x00000000   Code   RO         8428    .ARM.Collect$$libinit$$00000015  c_w.l(libinit2.o)
    0x08000242   0x08000242   0x00000000   Code   RO         8430    .ARM.Collect$$libinit$$00000017  c_w.l(libinit2.o)
    0x08000242   0x08000242   0x00000000   Code   RO         8432    .ARM.Collect$$libinit$$00000019  c_w.l(libinit2.o)
    0x08000242   0x08000242   0x00000000   Code   RO         8434    .ARM.Collect$$libinit$$0000001B  c_w.l(libinit2.o)
    0x08000242   0x08000242   0x00000000   Code   RO         8436    .ARM.Collect$$libinit$$0000001D  c_w.l(libinit2.o)
    0x08000242   0x08000242   0x00000000   Code   RO         8438    .ARM.Collect$$libinit$$0000001F  c_w.l(libinit2.o)
    0x08000242   0x08000242   0x00000000   Code   RO         8440    .ARM.Collect$$libinit$$00000021  c_w.l(libinit2.o)
    0x08000242   0x08000242   0x00000000   Code   RO         8442    .ARM.Collect$$libinit$$00000023  c_w.l(libinit2.o)
    0x08000242   0x08000242   0x00000000   Code   RO         8444    .ARM.Collect$$libinit$$00000025  c_w.l(libinit2.o)
    0x08000242   0x08000242   0x00000000   Code   RO         8448    .ARM.Collect$$libinit$$0000002C  c_w.l(libinit2.o)
    0x08000242   0x08000242   0x00000000   Code   RO         8450    .ARM.Collect$$libinit$$0000002E  c_w.l(libinit2.o)
    0x08000242   0x08000242   0x00000000   Code   RO         8452    .ARM.Collect$$libinit$$00000030  c_w.l(libinit2.o)
    0x08000242   0x08000242   0x00000000   Code   RO         8454    .ARM.Collect$$libinit$$00000032  c_w.l(libinit2.o)
    0x08000242   0x08000242   0x00000002   Code   RO         8455    .ARM.Collect$$libinit$$00000033  c_w.l(libinit2.o)
    0x08000244   0x08000244   0x00000002   Code   RO         8486    .ARM.Collect$$libshutdown$$00000000  c_w.l(libshutdown.o)
    0x08000246   0x08000246   0x00000000   Code   RO         8512    .ARM.Collect$$libshutdown$$00000002  c_w.l(libshutdown2.o)
    0x08000246   0x08000246   0x00000000   Code   RO         8514    .ARM.Collect$$libshutdown$$00000004  c_w.l(libshutdown2.o)
    0x08000246   0x08000246   0x00000000   Code   RO         8517    .ARM.Collect$$libshutdown$$00000007  c_w.l(libshutdown2.o)
    0x08000246   0x08000246   0x00000000   Code   RO         8520    .ARM.Collect$$libshutdown$$0000000A  c_w.l(libshutdown2.o)
    0x08000246   0x08000246   0x00000000   Code   RO         8522    .ARM.Collect$$libshutdown$$0000000C  c_w.l(libshutdown2.o)
    0x08000246   0x08000246   0x00000000   Code   RO         8525    .ARM.Collect$$libshutdown$$0000000F  c_w.l(libshutdown2.o)
    0x08000246   0x08000246   0x00000002   Code   RO         8526    .ARM.Collect$$libshutdown$$00000010  c_w.l(libshutdown2.o)
    0x08000248   0x08000248   0x00000000   Code   RO         8362    .ARM.Collect$$rtentry$$00000000  c_w.l(__rtentry.o)
    0x08000248   0x08000248   0x00000000   Code   RO         8370    .ARM.Collect$$rtentry$$00000002  c_w.l(__rtentry2.o)
    0x08000248   0x08000248   0x00000006   Code   RO         8382    .ARM.Collect$$rtentry$$00000004  c_w.l(__rtentry4.o)
    0x0800024e   0x0800024e   0x00000000   Code   RO         8372    .ARM.Collect$$rtentry$$00000009  c_w.l(__rtentry2.o)
    0x0800024e   0x0800024e   0x00000004   Code   RO         8373    .ARM.Collect$$rtentry$$0000000A  c_w.l(__rtentry2.o)
    0x08000252   0x08000252   0x00000000   Code   RO         8375    .ARM.Collect$$rtentry$$0000000C  c_w.l(__rtentry2.o)
    0x08000252   0x08000252   0x00000008   Code   RO         8376    .ARM.Collect$$rtentry$$0000000D  c_w.l(__rtentry2.o)
    0x0800025a   0x0800025a   0x00000002   Code   RO         8403    .ARM.Collect$$rtexit$$00000000  c_w.l(rtexit.o)
    0x0800025c   0x0800025c   0x00000000   Code   RO         8459    .ARM.Collect$$rtexit$$00000002  c_w.l(rtexit2.o)
    0x0800025c   0x0800025c   0x00000004   Code   RO         8460    .ARM.Collect$$rtexit$$00000003  c_w.l(rtexit2.o)
    0x08000260   0x08000260   0x00000006   Code   RO         8461    .ARM.Collect$$rtexit$$00000004  c_w.l(rtexit2.o)
    0x08000266   0x08000266   0x00000002   PAD
    0x08000268   0x08000268   0x000000be   Code   RO         7862    .emb_text           port.o
    0x08000326   0x08000326   0x00000002   PAD
    0x08000328   0x08000328   0x00000040   Code   RO            4    .text               startup_stm32f407xx.o
    0x08000368   0x08000368   0x000000ee   Code   RO         8344    .text               c_w.l(lludivv7m.o)
    0x08000456   0x08000456   0x0000008a   Code   RO         8348    .text               c_w.l(rt_memcpy_v6.o)
    0x080004e0   0x080004e0   0x00000064   Code   RO         8350    .text               c_w.l(rt_memcpy_w.o)
    0x08000544   0x08000544   0x00000010   Code   RO         8354    .text               c_w.l(aeabi_memset.o)
    0x08000554   0x08000554   0x0000004e   Code   RO         8356    .text               c_w.l(rt_memclr_w.o)
    0x080005a2   0x080005a2   0x00000006   Code   RO         8358    .text               c_w.l(heapauxi.o)
    0x080005a8   0x080005a8   0x00000044   Code   RO         8367    .text               c_w.l(rt_memclr.o)
    0x080005ec   0x080005ec   0x0000004a   Code   RO         8386    .text               c_w.l(sys_stackheap_outer.o)
    0x08000636   0x08000636   0x00000012   Code   RO         8388    .text               c_w.l(exit.o)
    0x08000648   0x08000648   0x00000008   Code   RO         8400    .text               c_w.l(libspace.o)
    0x08000650   0x08000650   0x0000000c   Code   RO         8456    .text               c_w.l(sys_exit.o)
    0x0800065c   0x0800065c   0x00000002   Code   RO         8475    .text               c_w.l(use_no_semi.o)
    0x0800065e   0x0800065e   0x00000000   Code   RO         8477    .text               c_w.l(indicate_semi.o)
    0x0800065e   0x0800065e   0x00000002   PAD
    0x08000660   0x08000660   0x00000128   Code   RO         3216    i.ADC_Init          stm32f4xx_hal_adc.o
    0x08000788   0x08000788   0x00000002   Code   RO         1250    i.BusFault_Handler  stm32f4xx_it.o
    0x0800078a   0x0800078a   0x00000002   PAD
    0x0800078c   0x0800078c   0x0000000c   Code   RO         1251    i.CAN1_RX0_IRQHandler  stm32f4xx_it.o
    0x08000798   0x08000798   0x0000000c   Code   RO         1252    i.CAN2_RX0_IRQHandler  stm32f4xx_it.o
    0x080007a4   0x080007a4   0x00000004   Code   RO         1193    i.CDC_Control_FS    usbd_cdc_if.o
    0x080007a8   0x080007a8   0x00000004   Code   RO         1194    i.CDC_DeInit_FS     usbd_cdc_if.o
    0x080007ac   0x080007ac   0x00000024   Code   RO         1195    i.CDC_Init_FS       usbd_cdc_if.o
    0x080007d0   0x080007d0   0x00000018   Code   RO         1196    i.CDC_Receive_FS    usbd_cdc_if.o
    0x080007e8   0x080007e8   0x00000004   Code   RO         1197    i.CDC_TransmitCplt_FS  usbd_cdc_if.o
    0x080007ec   0x080007ec   0x0000000c   Code   RO         1253    i.DMA2_Stream1_IRQHandler  stm32f4xx_it.o
    0x080007f8   0x080007f8   0x0000000c   Code   RO         1254    i.DMA2_Stream5_IRQHandler  stm32f4xx_it.o
    0x08000804   0x08000804   0x0000000c   Code   RO         1255    i.DMA2_Stream6_IRQHandler  stm32f4xx_it.o
    0x08000810   0x08000810   0x0000000c   Code   RO         1256    i.DMA2_Stream7_IRQHandler  stm32f4xx_it.o
    0x0800081c   0x0800081c   0x00000028   Code   RO         2522    i.DMA_CalcBaseAndBitshift  stm32f4xx_hal_dma.o
    0x08000844   0x08000844   0x00000054   Code   RO         2523    i.DMA_CheckFifoParam  stm32f4xx_hal_dma.o
    0x08000898   0x08000898   0x00000002   Code   RO         1257    i.DebugMon_Handler  stm32f4xx_it.o
    0x0800089a   0x0800089a   0x00000006   Code   RO         1258    i.EXTI0_IRQHandler  stm32f4xx_it.o
    0x080008a0   0x080008a0   0x00000006   Code   RO         1259    i.EXTI3_IRQHandler  stm32f4xx_it.o
    0x080008a6   0x080008a6   0x00000006   Code   RO         1260    i.EXTI4_IRQHandler  stm32f4xx_it.o
    0x080008ac   0x080008ac   0x00000006   Code   RO         1261    i.EXTI9_5_IRQHandler  stm32f4xx_it.o
    0x080008b2   0x080008b2   0x00000004   Code   RO           13    i.Error_Handler     main.o
    0x080008b6   0x080008b6   0x00000002   PAD
    0x080008b8   0x080008b8   0x0000014c   Code   RO         3218    i.HAL_ADC_ConfigChannel  stm32f4xx_hal_adc.o
    0x08000a04   0x08000a04   0x00000054   Code   RO         3227    i.HAL_ADC_Init      stm32f4xx_hal_adc.o
    0x08000a58   0x08000a58   0x0000007c   Code   RO          372    i.HAL_ADC_MspInit   adc.o
    0x08000ad4   0x08000ad4   0x00000002   Code   RO         3497    i.HAL_CAN_ErrorCallback  stm32f4xx_hal_can.o
    0x08000ad6   0x08000ad6   0x000001fc   Code   RO         3504    i.HAL_CAN_IRQHandler  stm32f4xx_hal_can.o
    0x08000cd2   0x08000cd2   0x0000011a   Code   RO         3505    i.HAL_CAN_Init      stm32f4xx_hal_can.o
    0x08000dec   0x08000dec   0x000000fc   Code   RO          420    i.HAL_CAN_MspInit   can.o
    0x08000ee8   0x08000ee8   0x00000002   Code   RO         3512    i.HAL_CAN_RxFifo0FullCallback  stm32f4xx_hal_can.o
    0x08000eea   0x08000eea   0x00000002   Code   RO         3513    i.HAL_CAN_RxFifo0MsgPendingCallback  stm32f4xx_hal_can.o
    0x08000eec   0x08000eec   0x00000002   Code   RO         3514    i.HAL_CAN_RxFifo1FullCallback  stm32f4xx_hal_can.o
    0x08000eee   0x08000eee   0x00000002   Code   RO         3515    i.HAL_CAN_RxFifo1MsgPendingCallback  stm32f4xx_hal_can.o
    0x08000ef0   0x08000ef0   0x00000002   Code   RO         3516    i.HAL_CAN_SleepCallback  stm32f4xx_hal_can.o
    0x08000ef2   0x08000ef2   0x00000002   Code   RO         3519    i.HAL_CAN_TxMailbox0AbortCallback  stm32f4xx_hal_can.o
    0x08000ef4   0x08000ef4   0x00000002   Code   RO         3520    i.HAL_CAN_TxMailbox0CompleteCallback  stm32f4xx_hal_can.o
    0x08000ef6   0x08000ef6   0x00000002   Code   RO         3521    i.HAL_CAN_TxMailbox1AbortCallback  stm32f4xx_hal_can.o
    0x08000ef8   0x08000ef8   0x00000002   Code   RO         3522    i.HAL_CAN_TxMailbox1CompleteCallback  stm32f4xx_hal_can.o
    0x08000efa   0x08000efa   0x00000002   Code   RO         3523    i.HAL_CAN_TxMailbox2AbortCallback  stm32f4xx_hal_can.o
    0x08000efc   0x08000efc   0x00000002   Code   RO         3524    i.HAL_CAN_TxMailbox2CompleteCallback  stm32f4xx_hal_can.o
    0x08000efe   0x08000efe   0x00000002   Code   RO         3526    i.HAL_CAN_WakeUpFromRxMsgCallback  stm32f4xx_hal_can.o
    0x08000f00   0x08000f00   0x00000022   Code   RO         3729    i.HAL_CRC_Init      stm32f4xx_hal_crc.o
    0x08000f22   0x08000f22   0x00000002   PAD
    0x08000f24   0x08000f24   0x00000028   Code   RO          469    i.HAL_CRC_MspInit   crc.o
    0x08000f4c   0x08000f4c   0x00000092   Code   RO         2525    i.HAL_DMA_Abort     stm32f4xx_hal_dma.o
    0x08000fde   0x08000fde   0x00000024   Code   RO         2526    i.HAL_DMA_Abort_IT  stm32f4xx_hal_dma.o
    0x08001002   0x08001002   0x00000002   PAD
    0x08001004   0x08001004   0x000001a0   Code   RO         2530    i.HAL_DMA_IRQHandler  stm32f4xx_hal_dma.o
    0x080011a4   0x080011a4   0x000000d4   Code   RO         2531    i.HAL_DMA_Init      stm32f4xx_hal_dma.o
    0x08001278   0x08001278   0x00000024   Code   RO         2962    i.HAL_Delay         stm32f4xx_hal.o
    0x0800129c   0x0800129c   0x00000002   Code   RO         2416    i.HAL_GPIO_EXTI_Callback  stm32f4xx_hal_gpio.o
    0x0800129e   0x0800129e   0x00000002   PAD
    0x080012a0   0x080012a0   0x00000018   Code   RO         2417    i.HAL_GPIO_EXTI_IRQHandler  stm32f4xx_hal_gpio.o
    0x080012b8   0x080012b8   0x000001f0   Code   RO         2418    i.HAL_GPIO_Init     stm32f4xx_hal_gpio.o
    0x080014a8   0x080014a8   0x0000000a   Code   RO         2422    i.HAL_GPIO_WritePin  stm32f4xx_hal_gpio.o
    0x080014b2   0x080014b2   0x00000002   PAD
    0x080014b4   0x080014b4   0x0000000c   Code   RO         2968    i.HAL_GetTick       stm32f4xx_hal.o
    0x080014c0   0x080014c0   0x00000188   Code   RO         3796    i.HAL_I2C_Init      stm32f4xx_hal_i2c.o
    0x08001648   0x08001648   0x00000158   Code   RO          535    i.HAL_I2C_MspInit   i2c.o
    0x080017a0   0x080017a0   0x00000010   Code   RO         2974    i.HAL_IncTick       stm32f4xx_hal.o
    0x080017b0   0x080017b0   0x00000034   Code   RO         2975    i.HAL_Init          stm32f4xx_hal.o
    0x080017e4   0x080017e4   0x00000040   Code   RO         2976    i.HAL_InitTick      stm32f4xx_hal.o
    0x08001824   0x08001824   0x00000038   Code   RO         1386    i.HAL_MspInit       stm32f4xx_hal_msp.o
    0x0800185c   0x0800185c   0x0000001a   Code   RO         2810    i.HAL_NVIC_EnableIRQ  stm32f4xx_hal_cortex.o
    0x08001876   0x08001876   0x00000002   PAD
    0x08001878   0x08001878   0x00000040   Code   RO         2816    i.HAL_NVIC_SetPriority  stm32f4xx_hal_cortex.o
    0x080018b8   0x080018b8   0x00000024   Code   RO         2817    i.HAL_NVIC_SetPriorityGrouping  stm32f4xx_hal_cortex.o
    0x080018dc   0x080018dc   0x00000002   Code   RO         1717    i.HAL_PCDEx_LPM_Callback  stm32f4xx_hal_pcd_ex.o
    0x080018de   0x080018de   0x00000008   Code   RO         1718    i.HAL_PCDEx_SetRxFiFo  stm32f4xx_hal_pcd_ex.o
    0x080018e6   0x080018e6   0x00000044   Code   RO         1719    i.HAL_PCDEx_SetTxFiFo  stm32f4xx_hal_pcd_ex.o
    0x0800192a   0x0800192a   0x00000008   Code   RO          900    i.HAL_PCD_ConnectCallback  usbd_conf.o
    0x08001932   0x08001932   0x00000012   Code   RO          901    i.HAL_PCD_DataInStageCallback  usbd_conf.o
    0x08001944   0x08001944   0x00000014   Code   RO          902    i.HAL_PCD_DataOutStageCallback  usbd_conf.o
    0x08001958   0x08001958   0x00000008   Code   RO          903    i.HAL_PCD_DisconnectCallback  usbd_conf.o
    0x08001960   0x08001960   0x0000001e   Code   RO         1487    i.HAL_PCD_EP_Abort  stm32f4xx_hal_pcd.o
    0x0800197e   0x0800197e   0x0000004a   Code   RO         1488    i.HAL_PCD_EP_Close  stm32f4xx_hal_pcd.o
    0x080019c8   0x080019c8   0x0000005a   Code   RO         1489    i.HAL_PCD_EP_ClrStall  stm32f4xx_hal_pcd.o
    0x08001a22   0x08001a22   0x00000012   Code   RO         1491    i.HAL_PCD_EP_GetRxCount  stm32f4xx_hal_pcd.o
    0x08001a34   0x08001a34   0x00000062   Code   RO         1492    i.HAL_PCD_EP_Open   stm32f4xx_hal_pcd.o
    0x08001a96   0x08001a96   0x00000038   Code   RO         1493    i.HAL_PCD_EP_Receive  stm32f4xx_hal_pcd.o
    0x08001ace   0x08001ace   0x00000072   Code   RO         1494    i.HAL_PCD_EP_SetStall  stm32f4xx_hal_pcd.o
    0x08001b40   0x08001b40   0x00000032   Code   RO         1495    i.HAL_PCD_EP_Transmit  stm32f4xx_hal_pcd.o
    0x08001b72   0x08001b72   0x00000002   PAD
    0x08001b74   0x08001b74   0x0000055c   Code   RO         1497    i.HAL_PCD_IRQHandler  stm32f4xx_hal_pcd.o
    0x080020d0   0x080020d0   0x00000008   Code   RO          904    i.HAL_PCD_ISOINIncompleteCallback  usbd_conf.o
    0x080020d8   0x080020d8   0x00000008   Code   RO          905    i.HAL_PCD_ISOOUTIncompleteCallback  usbd_conf.o
    0x080020e0   0x080020e0   0x000000cc   Code   RO         1500    i.HAL_PCD_Init      stm32f4xx_hal_pcd.o
    0x080021ac   0x080021ac   0x00000084   Code   RO          907    i.HAL_PCD_MspInit   usbd_conf.o
    0x08002230   0x08002230   0x0000002c   Code   RO          908    i.HAL_PCD_ResetCallback  usbd_conf.o
    0x0800225c   0x0800225c   0x00000008   Code   RO          909    i.HAL_PCD_ResumeCallback  usbd_conf.o
    0x08002264   0x08002264   0x00000008   Code   RO          910    i.HAL_PCD_SOFCallback  usbd_conf.o
    0x0800226c   0x0800226c   0x00000026   Code   RO         1506    i.HAL_PCD_SetAddress  stm32f4xx_hal_pcd.o
    0x08002292   0x08002292   0x0000000e   Code   RO          911    i.HAL_PCD_SetupStageCallback  usbd_conf.o
    0x080022a0   0x080022a0   0x00000042   Code   RO         1509    i.HAL_PCD_Start     stm32f4xx_hal_pcd.o
    0x080022e2   0x080022e2   0x00000002   PAD
    0x080022e4   0x080022e4   0x00000030   Code   RO          912    i.HAL_PCD_SuspendCallback  usbd_conf.o
    0x08002314   0x08002314   0x0000013c   Code   RO         2169    i.HAL_RCCEx_PeriphCLKConfig  stm32f4xx_hal_rcc_ex.o
    0x08002450   0x08002450   0x00000134   Code   RO         2064    i.HAL_RCC_ClockConfig  stm32f4xx_hal_rcc.o
    0x08002584   0x08002584   0x0000000c   Code   RO         2069    i.HAL_RCC_GetHCLKFreq  stm32f4xx_hal_rcc.o
    0x08002590   0x08002590   0x00000020   Code   RO         2071    i.HAL_RCC_GetPCLK1Freq  stm32f4xx_hal_rcc.o
    0x080025b0   0x080025b0   0x00000020   Code   RO         2072    i.HAL_RCC_GetPCLK2Freq  stm32f4xx_hal_rcc.o
    0x080025d0   0x080025d0   0x00000064   Code   RO         2073    i.HAL_RCC_GetSysClockFreq  stm32f4xx_hal_rcc.o
    0x08002634   0x08002634   0x0000036c   Code   RO         2076    i.HAL_RCC_OscConfig  stm32f4xx_hal_rcc.o
    0x080029a0   0x080029a0   0x00000032   Code   RO         4249    i.HAL_RNG_Init      stm32f4xx_hal_rng.o
    0x080029d2   0x080029d2   0x00000002   PAD
    0x080029d4   0x080029d4   0x00000028   Code   RO          589    i.HAL_RNG_MspInit   rng.o
    0x080029fc   0x080029fc   0x0000009c   Code   RO         4355    i.HAL_RTC_Init      stm32f4xx_hal_rtc.o
    0x08002a98   0x08002a98   0x0000003c   Code   RO          631    i.HAL_RTC_MspInit   rtc.o
    0x08002ad4   0x08002ad4   0x00000038   Code   RO         4363    i.HAL_RTC_WaitForSynchro  stm32f4xx_hal_rtc.o
    0x08002b0c   0x08002b0c   0x000000bc   Code   RO         4753    i.HAL_SPI_Init      stm32f4xx_hal_spi.o
    0x08002bc8   0x08002bc8   0x00000148   Code   RO          673    i.HAL_SPI_MspInit   spi.o
    0x08002d10   0x08002d10   0x00000028   Code   RO         2821    i.HAL_SYSTICK_Config  stm32f4xx_hal_cortex.o
    0x08002d38   0x08002d38   0x00000054   Code   RO         5773    i.HAL_TIMEx_ConfigBreakDeadTime  stm32f4xx_hal_tim_ex.o
    0x08002d8c   0x08002d8c   0x00000090   Code   RO         5789    i.HAL_TIMEx_MasterConfigSynchronization  stm32f4xx_hal_tim_ex.o
    0x08002e1c   0x08002e1c   0x0000005a   Code   RO         5066    i.HAL_TIM_Base_Init  stm32f4xx_hal_tim.o
    0x08002e76   0x08002e76   0x00000002   PAD
    0x08002e78   0x08002e78   0x000000ac   Code   RO          721    i.HAL_TIM_Base_MspInit  tim.o
    0x08002f24   0x08002f24   0x000000dc   Code   RO         5075    i.HAL_TIM_ConfigClockSource  stm32f4xx_hal_tim.o
    0x08003000   0x08003000   0x00000164   Code   RO          722    i.HAL_TIM_MspPostInit  tim.o
    0x08003164   0x08003164   0x000000cc   Code   RO         5138    i.HAL_TIM_PWM_ConfigChannel  stm32f4xx_hal_tim.o
    0x08003230   0x08003230   0x0000005a   Code   RO         5141    i.HAL_TIM_PWM_Init  stm32f4xx_hal_tim.o
    0x0800328a   0x0800328a   0x00000002   Code   RO         5143    i.HAL_TIM_PWM_MspInit  stm32f4xx_hal_tim.o
    0x0800328c   0x0800328c   0x00000002   Code   RO         6049    i.HAL_UARTEx_RxEventCallback  stm32f4xx_hal_uart.o
    0x0800328e   0x0800328e   0x00000002   Code   RO         6063    i.HAL_UART_ErrorCallback  stm32f4xx_hal_uart.o
    0x08003290   0x08003290   0x00000270   Code   RO         6066    i.HAL_UART_IRQHandler  stm32f4xx_hal_uart.o
    0x08003500   0x08003500   0x00000064   Code   RO         6067    i.HAL_UART_Init     stm32f4xx_hal_uart.o
    0x08003564   0x08003564   0x00000258   Code   RO          799    i.HAL_UART_MspInit  usart.o
    0x080037bc   0x080037bc   0x00000002   Code   RO         6073    i.HAL_UART_RxCpltCallback  stm32f4xx_hal_uart.o
    0x080037be   0x080037be   0x00000002   Code   RO         6078    i.HAL_UART_TxCpltCallback  stm32f4xx_hal_uart.o
    0x080037c0   0x080037c0   0x00000002   Code   RO         1262    i.HardFault_Handler  stm32f4xx_it.o
    0x080037c2   0x080037c2   0x00000002   PAD
    0x080037c4   0x080037c4   0x00000038   Code   RO         1107    i.IntToUnicode      usbd_desc.o
    0x080037fc   0x080037fc   0x00000064   Code   RO          373    i.MX_ADC1_Init      adc.o
    0x08003860   0x08003860   0x00000064   Code   RO          374    i.MX_ADC3_Init      adc.o
    0x080038c4   0x080038c4   0x00000044   Code   RO          421    i.MX_CAN1_Init      can.o
    0x08003908   0x08003908   0x00000044   Code   RO          422    i.MX_CAN2_Init      can.o
    0x0800394c   0x0800394c   0x00000024   Code   RO          470    i.MX_CRC_Init       crc.o
    0x08003970   0x08003970   0x000000ac   Code   RO          510    i.MX_DMA_Init       dma.o
    0x08003a1c   0x08003a1c   0x0000003c   Code   RO          315    i.MX_FREERTOS_Init  freertos.o
    0x08003a58   0x08003a58   0x000001c8   Code   RO          291    i.MX_GPIO_Init      gpio.o
    0x08003c20   0x08003c20   0x00000040   Code   RO          536    i.MX_I2C1_Init      i2c.o
    0x08003c60   0x08003c60   0x00000040   Code   RO          537    i.MX_I2C2_Init      i2c.o
    0x08003ca0   0x08003ca0   0x00000040   Code   RO          538    i.MX_I2C3_Init      i2c.o
    0x08003ce0   0x08003ce0   0x00000024   Code   RO          590    i.MX_RNG_Init       rng.o
    0x08003d04   0x08003d04   0x00000038   Code   RO          632    i.MX_RTC_Init       rtc.o
    0x08003d3c   0x08003d3c   0x00000048   Code   RO          674    i.MX_SPI1_Init      spi.o
    0x08003d84   0x08003d84   0x00000048   Code   RO          675    i.MX_SPI2_Init      spi.o
    0x08003dcc   0x08003dcc   0x00000064   Code   RO          723    i.MX_TIM10_Init     tim.o
    0x08003e30   0x08003e30   0x000000fc   Code   RO          724    i.MX_TIM1_Init      tim.o
    0x08003f2c   0x08003f2c   0x00000098   Code   RO          725    i.MX_TIM3_Init      tim.o
    0x08003fc4   0x08003fc4   0x00000098   Code   RO          726    i.MX_TIM4_Init      tim.o
    0x0800405c   0x0800405c   0x000000b8   Code   RO          727    i.MX_TIM5_Init      tim.o
    0x08004114   0x08004114   0x000000dc   Code   RO          728    i.MX_TIM8_Init      tim.o
    0x080041f0   0x080041f0   0x00000038   Code   RO          800    i.MX_USART1_UART_Init  usart.o
    0x08004228   0x08004228   0x00000040   Code   RO          801    i.MX_USART3_UART_Init  usart.o
    0x08004268   0x08004268   0x00000038   Code   RO          802    i.MX_USART6_UART_Init  usart.o
    0x080042a0   0x080042a0   0x00000054   Code   RO          852    i.MX_USB_DEVICE_Init  usb_device.o
    0x080042f4   0x080042f4   0x00000002   Code   RO         1263    i.MemManage_Handler  stm32f4xx_it.o
    0x080042f6   0x080042f6   0x00000002   Code   RO         1264    i.NMI_Handler       stm32f4xx_it.o
    0x080042f8   0x080042f8   0x0000000c   Code   RO         1265    i.OTG_FS_IRQHandler  stm32f4xx_it.o
    0x08004304   0x08004304   0x000000cc   Code   RO         1513    i.PCD_EP_OutXfrComplete_int  stm32f4xx_hal_pcd.o
    0x080043d0   0x080043d0   0x000000a2   Code   RO         1514    i.PCD_WriteEmptyTxFifo  stm32f4xx_hal_pcd.o
    0x08004472   0x08004472   0x00000002   PAD
    0x08004474   0x08004474   0x00000048   Code   RO         4366    i.RTC_EnterInitMode  stm32f4xx_hal_rtc.o
    0x080044bc   0x080044bc   0x0000002a   Code   RO         4367    i.RTC_ExitInitMode  stm32f4xx_hal_rtc.o
    0x080044e6   0x080044e6   0x0000000a   Code   RO         8101    i.SWAPBYTE          usbd_ctlreq.o
    0x080044f0   0x080044f0   0x00000018   Code   RO         1266    i.SysTick_Handler   stm32f4xx_it.o
    0x08004508   0x08004508   0x00000094   Code   RO           14    i.SystemClock_Config  main.o
    0x0800459c   0x0800459c   0x00000010   Code   RO         6401    i.SystemInit        system_stm32f4xx.o
    0x080045ac   0x080045ac   0x000000d8   Code   RO         5159    i.TIM_Base_SetConfig  stm32f4xx_hal_tim.o
    0x08004684   0x08004684   0x00000014   Code   RO         5170    i.TIM_ETR_SetConfig  stm32f4xx_hal_tim.o
    0x08004698   0x08004698   0x00000010   Code   RO         5171    i.TIM_ITRx_SetConfig  stm32f4xx_hal_tim.o
    0x080046a8   0x080046a8   0x00000060   Code   RO         5172    i.TIM_OC1_SetConfig  stm32f4xx_hal_tim.o
    0x08004708   0x08004708   0x0000006c   Code   RO         5173    i.TIM_OC2_SetConfig  stm32f4xx_hal_tim.o
    0x08004774   0x08004774   0x00000068   Code   RO         5174    i.TIM_OC3_SetConfig  stm32f4xx_hal_tim.o
    0x080047dc   0x080047dc   0x00000050   Code   RO         5175    i.TIM_OC4_SetConfig  stm32f4xx_hal_tim.o
    0x0800482c   0x0800482c   0x00000022   Code   RO         5177    i.TIM_TI1_ConfigInputStage  stm32f4xx_hal_tim.o
    0x0800484e   0x0800484e   0x00000024   Code   RO         5179    i.TIM_TI2_ConfigInputStage  stm32f4xx_hal_tim.o
    0x08004872   0x08004872   0x00000010   Code   RO         6080    i.UART_DMAAbortOnError  stm32f4xx_hal_uart.o
    0x08004882   0x08004882   0x0000004e   Code   RO         6090    i.UART_EndRxTransfer  stm32f4xx_hal_uart.o
    0x080048d0   0x080048d0   0x000000c2   Code   RO         6092    i.UART_Receive_IT   stm32f4xx_hal_uart.o
    0x08004992   0x08004992   0x00000002   PAD
    0x08004994   0x08004994   0x0000010c   Code   RO         6093    i.UART_SetConfig    stm32f4xx_hal_uart.o
    0x08004aa0   0x08004aa0   0x0000000c   Code   RO         1267    i.USART1_IRQHandler  stm32f4xx_it.o
    0x08004aac   0x08004aac   0x00000076   Code   RO         8239    i.USBD_CDC_DataIn   usbd_cdc.o
    0x08004b22   0x08004b22   0x0000003c   Code   RO         8240    i.USBD_CDC_DataOut  usbd_cdc.o
    0x08004b5e   0x08004b5e   0x00000002   PAD
    0x08004b60   0x08004b60   0x00000090   Code   RO         8241    i.USBD_CDC_DeInit   usbd_cdc.o
    0x08004bf0   0x08004bf0   0x00000036   Code   RO         8242    i.USBD_CDC_EP0_RxReady  usbd_cdc.o
    0x08004c26   0x08004c26   0x00000002   PAD
    0x08004c28   0x08004c28   0x0000000c   Code   RO         8243    i.USBD_CDC_GetDeviceQualifierDescriptor  usbd_cdc.o
    0x08004c34   0x08004c34   0x0000003c   Code   RO         8244    i.USBD_CDC_GetFSCfgDesc  usbd_cdc.o
    0x08004c70   0x08004c70   0x00000040   Code   RO         8245    i.USBD_CDC_GetHSCfgDesc  usbd_cdc.o
    0x08004cb0   0x08004cb0   0x0000003c   Code   RO         8246    i.USBD_CDC_GetOtherSpeedCfgDesc  usbd_cdc.o
    0x08004cec   0x08004cec   0x00000118   Code   RO         8247    i.USBD_CDC_Init     usbd_cdc.o
    0x08004e04   0x08004e04   0x00000038   Code   RO         8248    i.USBD_CDC_ReceivePacket  usbd_cdc.o
    0x08004e3c   0x08004e3c   0x00000016   Code   RO         8249    i.USBD_CDC_RegisterInterface  usbd_cdc.o
    0x08004e52   0x08004e52   0x0000001a   Code   RO         8250    i.USBD_CDC_SetRxBuffer  usbd_cdc.o
    0x08004e6c   0x08004e6c   0x0000001e   Code   RO         8251    i.USBD_CDC_SetTxBuffer  usbd_cdc.o
    0x08004e8a   0x08004e8a   0x000000d4   Code   RO         8252    i.USBD_CDC_Setup    usbd_cdc.o
    0x08004f5e   0x08004f5e   0x00000014   Code   RO         7942    i.USBD_ClrClassConfig  usbd_core.o
    0x08004f72   0x08004f72   0x00000004   Code   RO         7943    i.USBD_CoreFindEP   usbd_core.o
    0x08004f76   0x08004f76   0x00000004   Code   RO         7944    i.USBD_CoreFindIF   usbd_core.o
    0x08004f7a   0x08004f7a   0x00000010   Code   RO         8179    i.USBD_CtlContinueRx  usbd_ioreq.o
    0x08004f8a   0x08004f8a   0x00000010   Code   RO         8180    i.USBD_CtlContinueSendData  usbd_ioreq.o
    0x08004f9a   0x08004f9a   0x00000016   Code   RO         8102    i.USBD_CtlError     usbd_ctlreq.o
    0x08004fb0   0x08004fb0   0x0000001e   Code   RO         8181    i.USBD_CtlPrepareRx  usbd_ioreq.o
    0x08004fce   0x08004fce   0x00000016   Code   RO         8182    i.USBD_CtlReceiveStatus  usbd_ioreq.o
    0x08004fe4   0x08004fe4   0x0000001a   Code   RO         8183    i.USBD_CtlSendData  usbd_ioreq.o
    0x08004ffe   0x08004ffe   0x00000016   Code   RO         8184    i.USBD_CtlSendStatus  usbd_ioreq.o
    0x08005014   0x08005014   0x00000020   Code   RO         1108    i.USBD_FS_ConfigStrDescriptor  usbd_desc.o
    0x08005034   0x08005034   0x0000000c   Code   RO         1109    i.USBD_FS_DeviceDescriptor  usbd_desc.o
    0x08005040   0x08005040   0x00000024   Code   RO         1110    i.USBD_FS_InterfaceStrDescriptor  usbd_desc.o
    0x08005064   0x08005064   0x0000000c   Code   RO         1111    i.USBD_FS_LangIDStrDescriptor  usbd_desc.o
    0x08005070   0x08005070   0x00000028   Code   RO         1112    i.USBD_FS_ManufacturerStrDescriptor  usbd_desc.o
    0x08005098   0x08005098   0x0000002c   Code   RO         1113    i.USBD_FS_ProductStrDescriptor  usbd_desc.o
    0x080050c4   0x080050c4   0x00000038   Code   RO         1114    i.USBD_FS_SerialStrDescriptor  usbd_desc.o
    0x080050fc   0x080050fc   0x000000e6   Code   RO         8103    i.USBD_GetDescriptor  usbd_ctlreq.o
    0x080051e2   0x080051e2   0x0000003a   Code   RO         7946    i.USBD_GetEpDesc    usbd_core.o
    0x0800521c   0x0800521c   0x00000014   Code   RO         8104    i.USBD_GetLen       usbd_ctlreq.o
    0x08005230   0x08005230   0x0000000e   Code   RO         7947    i.USBD_GetNextDesc  usbd_core.o
    0x0800523e   0x0800523e   0x0000004e   Code   RO         8105    i.USBD_GetString    usbd_ctlreq.o
    0x0800528c   0x0800528c   0x00000018   Code   RO          913    i.USBD_Get_USB_Status  usbd_conf.o
    0x080052a4   0x080052a4   0x00000026   Code   RO         7948    i.USBD_Init         usbd_core.o
    0x080052ca   0x080052ca   0x00000012   Code   RO          914    i.USBD_LL_ClearStallEP  usbd_conf.o
    0x080052dc   0x080052dc   0x00000012   Code   RO          915    i.USBD_LL_CloseEP   usbd_conf.o
    0x080052ee   0x080052ee   0x000000b6   Code   RO         7949    i.USBD_LL_DataInStage  usbd_core.o
    0x080053a4   0x080053a4   0x0000008e   Code   RO         7950    i.USBD_LL_DataOutStage  usbd_core.o
    0x08005432   0x08005432   0x00000004   Code   RO         7951    i.USBD_LL_DevConnected  usbd_core.o
    0x08005436   0x08005436   0x0000001e   Code   RO         7952    i.USBD_LL_DevDisconnected  usbd_core.o
    0x08005454   0x08005454   0x00000008   Code   RO          919    i.USBD_LL_GetRxDataSize  usbd_conf.o
    0x0800545c   0x0800545c   0x00000060   Code   RO          920    i.USBD_LL_Init      usbd_conf.o
    0x080054bc   0x080054bc   0x0000001e   Code   RO          921    i.USBD_LL_IsStallEP  usbd_conf.o
    0x080054da   0x080054da   0x00000028   Code   RO         7953    i.USBD_LL_IsoINIncomplete  usbd_core.o
    0x08005502   0x08005502   0x00000028   Code   RO         7954    i.USBD_LL_IsoOUTIncomplete  usbd_core.o
    0x0800552a   0x0800552a   0x00000018   Code   RO          922    i.USBD_LL_OpenEP    usbd_conf.o
    0x08005542   0x08005542   0x00000012   Code   RO          923    i.USBD_LL_PrepareReceive  usbd_conf.o
    0x08005554   0x08005554   0x0000005c   Code   RO         7955    i.USBD_LL_Reset     usbd_core.o
    0x080055b0   0x080055b0   0x00000014   Code   RO         7956    i.USBD_LL_Resume    usbd_core.o
    0x080055c4   0x080055c4   0x0000001a   Code   RO         7957    i.USBD_LL_SOF       usbd_core.o
    0x080055de   0x080055de   0x00000006   Code   RO         7958    i.USBD_LL_SetSpeed  usbd_core.o
    0x080055e4   0x080055e4   0x00000012   Code   RO          924    i.USBD_LL_SetUSBAddress  usbd_conf.o
    0x080055f6   0x080055f6   0x00000060   Code   RO         7959    i.USBD_LL_SetupStage  usbd_core.o
    0x08005656   0x08005656   0x00000012   Code   RO          925    i.USBD_LL_StallEP   usbd_conf.o
    0x08005668   0x08005668   0x00000012   Code   RO          926    i.USBD_LL_Start     usbd_conf.o
    0x0800567a   0x0800567a   0x0000001a   Code   RO         7960    i.USBD_LL_Suspend   usbd_core.o
    0x08005694   0x08005694   0x00000012   Code   RO          928    i.USBD_LL_Transmit  usbd_conf.o
    0x080056a6   0x080056a6   0x0000002c   Code   RO         8106    i.USBD_ParseSetupRequest  usbd_ctlreq.o
    0x080056d2   0x080056d2   0x0000003a   Code   RO         7961    i.USBD_RegisterClass  usbd_core.o
    0x0800570c   0x0800570c   0x00000014   Code   RO         7963    i.USBD_SetClassConfig  usbd_core.o
    0x08005720   0x08005720   0x000000b8   Code   RO         8107    i.USBD_SetConfig    usbd_ctlreq.o
    0x080057d8   0x080057d8   0x00000004   Code   RO         7964    i.USBD_Start        usbd_core.o
    0x080057dc   0x080057dc   0x0000012c   Code   RO         8108    i.USBD_StdDevReq    usbd_ctlreq.o
    0x08005908   0x08005908   0x00000160   Code   RO         8109    i.USBD_StdEPReq     usbd_ctlreq.o
    0x08005a68   0x08005a68   0x00000072   Code   RO         8110    i.USBD_StdItfReq    usbd_ctlreq.o
    0x08005ada   0x08005ada   0x00000002   Code   RO          929    i.USBD_static_free  usbd_conf.o
    0x08005adc   0x08005adc   0x00000008   Code   RO          930    i.USBD_static_malloc  usbd_conf.o
    0x08005ae4   0x08005ae4   0x00000080   Code   RO         1759    i.USB_ActivateEndpoint  stm32f4xx_ll_usb.o
    0x08005b64   0x08005b64   0x0000001c   Code   RO         1761    i.USB_ActivateSetup  stm32f4xx_ll_usb.o
    0x08005b80   0x08005b80   0x00000084   Code   RO         1763    i.USB_CoreInit      stm32f4xx_ll_usb.o
    0x08005c04   0x08005c04   0x0000003c   Code   RO         1764    i.USB_CoreReset     stm32f4xx_ll_usb.o
    0x08005c40   0x08005c40   0x000000cc   Code   RO         1767    i.USB_DeactivateEndpoint  stm32f4xx_ll_usb.o
    0x08005d0c   0x08005d0c   0x0000001c   Code   RO         1768    i.USB_DevConnect    stm32f4xx_ll_usb.o
    0x08005d28   0x08005d28   0x0000001c   Code   RO         1769    i.USB_DevDisconnect  stm32f4xx_ll_usb.o
    0x08005d44   0x08005d44   0x0000017c   Code   RO         1770    i.USB_DevInit       stm32f4xx_ll_usb.o
    0x08005ec0   0x08005ec0   0x0000000c   Code   RO         1771    i.USB_DisableGlobalInt  stm32f4xx_ll_usb.o
    0x08005ecc   0x08005ecc   0x00000058   Code   RO         1774    i.USB_EP0_OutStart  stm32f4xx_ll_usb.o
    0x08005f24   0x08005f24   0x00000058   Code   RO         1775    i.USB_EPClearStall  stm32f4xx_ll_usb.o
    0x08005f7c   0x08005f7c   0x00000058   Code   RO         1776    i.USB_EPSetStall    stm32f4xx_ll_usb.o
    0x08005fd4   0x08005fd4   0x00000238   Code   RO         1777    i.USB_EPStartXfer   stm32f4xx_ll_usb.o
    0x0800620c   0x0800620c   0x0000009e   Code   RO         1778    i.USB_EPStopXfer    stm32f4xx_ll_usb.o
    0x080062aa   0x080062aa   0x0000000c   Code   RO         1779    i.USB_EnableGlobalInt  stm32f4xx_ll_usb.o
    0x080062b6   0x080062b6   0x00000038   Code   RO         1780    i.USB_FlushRxFifo   stm32f4xx_ll_usb.o
    0x080062ee   0x080062ee   0x0000003c   Code   RO         1781    i.USB_FlushTxFifo   stm32f4xx_ll_usb.o
    0x0800632a   0x0800632a   0x0000001a   Code   RO         1783    i.USB_GetDevSpeed   stm32f4xx_ll_usb.o
    0x08006344   0x08006344   0x00000008   Code   RO         1785    i.USB_GetMode       stm32f4xx_ll_usb.o
    0x0800634c   0x0800634c   0x0000000e   Code   RO         1793    i.USB_ReadDevAllInEpInterrupt  stm32f4xx_ll_usb.o
    0x0800635a   0x0800635a   0x0000000e   Code   RO         1794    i.USB_ReadDevAllOutEpInterrupt  stm32f4xx_ll_usb.o
    0x08006368   0x08006368   0x00000024   Code   RO         1795    i.USB_ReadDevInEPInterrupt  stm32f4xx_ll_usb.o
    0x0800638c   0x0800638c   0x00000010   Code   RO         1796    i.USB_ReadDevOutEPInterrupt  stm32f4xx_ll_usb.o
    0x0800639c   0x0800639c   0x00000008   Code   RO         1797    i.USB_ReadInterrupts  stm32f4xx_ll_usb.o
    0x080063a4   0x080063a4   0x0000003e   Code   RO         1798    i.USB_ReadPacket    stm32f4xx_ll_usb.o
    0x080063e2   0x080063e2   0x0000005c   Code   RO         1800    i.USB_SetCurrentMode  stm32f4xx_ll_usb.o
    0x0800643e   0x0800643e   0x00000022   Code   RO         1801    i.USB_SetDevAddress  stm32f4xx_ll_usb.o
    0x08006460   0x08006460   0x000000e8   Code   RO         1803    i.USB_SetTurnaroundTime  stm32f4xx_ll_usb.o
    0x08006548   0x08006548   0x00000028   Code   RO         1806    i.USB_WritePacket   stm32f4xx_ll_usb.o
    0x08006570   0x08006570   0x00000002   Code   RO         1268    i.UsageFault_Handler  stm32f4xx_it.o
    0x08006572   0x08006572   0x00000020   Code   RO         2823    i.__NVIC_SetPriority  stm32f4xx_hal_cortex.o
    0x08006592   0x08006592   0x0000006e   Code   RO           15    i.main              main.o
    0x08006600   0x08006600   0x0000000c   Code   RO         7428    i.makeFreeRtosPriority  cmsis_os.o
    0x0800660c   0x0800660c   0x00000002   Code   RO         1410    i.motor_task        motor_task.o
    0x0800660e   0x0800660e   0x0000000e   Code   RO         7430    i.osDelay           cmsis_os.o
    0x0800661c   0x0800661c   0x0000000a   Code   RO         7433    i.osKernelStart     cmsis_os.o
    0x08006626   0x08006626   0x00000054   Code   RO         7467    i.osThreadCreate    cmsis_os.o
    0x0800667a   0x0800667a   0x00000002   PAD
    0x0800667c   0x0800667c   0x00000078   Code   RO         6922    i.prvAddCurrentTaskToDelayedList  tasks.o
    0x080066f4   0x080066f4   0x000000d0   Code   RO         6923    i.prvAddNewTaskToReadyList  tasks.o
    0x080067c4   0x080067c4   0x00000058   Code   RO         7270    i.prvCheckForValidListAndQueue  timers.o
    0x0800681c   0x0800681c   0x00000026   Code   RO         6579    i.prvCopyDataFromQueue  queue.o
    0x08006842   0x08006842   0x0000006c   Code   RO         6580    i.prvCopyDataToQueue  queue.o
    0x080068ae   0x080068ae   0x00000034   Code   RO         6924    i.prvDeleteTCB      tasks.o
    0x080068e2   0x080068e2   0x00000002   PAD
    0x080068e4   0x080068e4   0x0000004c   Code   RO         7807    i.prvHeapInit       heap_4.o
    0x08006930   0x08006930   0x00000060   Code   RO         6925    i.prvIdleTask       tasks.o
    0x08006990   0x08006990   0x00000016   Code   RO         6582    i.prvInitialiseNewQueue  queue.o
    0x080069a6   0x080069a6   0x00000002   PAD
    0x080069a8   0x080069a8   0x000000b4   Code   RO         6926    i.prvInitialiseNewTask  tasks.o
    0x08006a5c   0x08006a5c   0x0000004c   Code   RO         7808    i.prvInsertBlockIntoFreeList  heap_4.o
    0x08006aa8   0x08006aa8   0x00000038   Code   RO         7272    i.prvInsertTimerInActiveList  timers.o
    0x08006ae0   0x08006ae0   0x0000001c   Code   RO         6583    i.prvIsQueueEmpty   queue.o
    0x08006afc   0x08006afc   0x000000fc   Code   RO         7273    i.prvProcessReceivedCommands  timers.o
    0x08006bf8   0x08006bf8   0x000000c0   Code   RO         7274    i.prvProcessTimerOrBlockTask  timers.o
    0x08006cb8   0x08006cb8   0x00000020   Code   RO         6927    i.prvResetNextTaskUnblockTime  tasks.o
    0x08006cd8   0x08006cd8   0x00000028   Code   RO         7275    i.prvSampleTimeNow  timers.o
    0x08006d00   0x08006d00   0x0000006c   Code   RO         7276    i.prvSwitchTimerLists  timers.o
    0x08006d6c   0x08006d6c   0x00000028   Code   RO         7863    i.prvTaskExitError  port.o
    0x08006d94   0x08006d94   0x00000024   Code   RO         7277    i.prvTimerTask      timers.o
    0x08006db8   0x08006db8   0x0000006a   Code   RO         6584    i.prvUnlockQueue    queue.o
    0x08006e22   0x08006e22   0x00000002   PAD
    0x08006e24   0x08006e24   0x000000dc   Code   RO         7809    i.pvPortMalloc      heap_4.o
    0x08006f00   0x08006f00   0x0000002c   Code   RO         7864    i.pxPortInitialiseStack  port.o
    0x08006f2c   0x08006f2c   0x0000000c   Code   RO          316    i.test_task         freertos.o
    0x08006f38   0x08006f38   0x00000026   Code   RO         6539    i.uxListRemove      list.o
    0x08006f5e   0x08006f5e   0x00000002   PAD
    0x08006f60   0x08006f60   0x00000014   Code   RO          317    i.vApplicationGetIdleTaskMemory  freertos.o
    0x08006f74   0x08006f74   0x00000018   Code   RO          318    i.vApplicationGetTimerTaskMemory  freertos.o
    0x08006f8c   0x08006f8c   0x00000016   Code   RO         6540    i.vListInitialise   list.o
    0x08006fa2   0x08006fa2   0x00000006   Code   RO         6541    i.vListInitialiseItem  list.o
    0x08006fa8   0x08006fa8   0x00000030   Code   RO         6542    i.vListInsert       list.o
    0x08006fd8   0x08006fd8   0x00000018   Code   RO         6543    i.vListInsertEnd    list.o
    0x08006ff0   0x08006ff0   0x00000040   Code   RO         7866    i.vPortEnterCritical  port.o
    0x08007030   0x08007030   0x00000028   Code   RO         7867    i.vPortExitCritical  port.o
    0x08007058   0x08007058   0x00000064   Code   RO         7810    i.vPortFree         heap_4.o
    0x080070bc   0x080070bc   0x00000024   Code   RO         7868    i.vPortSetupTimerInterrupt  port.o
    0x080070e0   0x080070e0   0x00000054   Code   RO         7869    i.vPortValidateInterruptPriority  port.o
    0x08007134   0x08007134   0x00000028   Code   RO         6588    i.vQueueAddToRegistry  queue.o
    0x0800715c   0x0800715c   0x00000044   Code   RO         6591    i.vQueueWaitForMessageRestricted  queue.o
    0x080071a0   0x080071a0   0x0000004c   Code   RO         6938    i.vTaskDelay        tasks.o
    0x080071ec   0x080071ec   0x00000010   Code   RO         6942    i.vTaskInternalSetTimeOutState  tasks.o
    0x080071fc   0x080071fc   0x0000000c   Code   RO         6943    i.vTaskMissedYield  tasks.o
    0x08007208   0x08007208   0x00000030   Code   RO         6945    i.vTaskPlaceOnEventList  tasks.o
    0x08007238   0x08007238   0x00000038   Code   RO         6946    i.vTaskPlaceOnEventListRestricted  tasks.o
    0x08007270   0x08007270   0x00000088   Code   RO         6953    i.vTaskStartScheduler  tasks.o
    0x080072f8   0x080072f8   0x00000010   Code   RO         6955    i.vTaskSuspendAll   tasks.o
    0x08007308   0x08007308   0x0000005c   Code   RO         6956    i.vTaskSwitchContext  tasks.o
    0x08007364   0x08007364   0x000000f4   Code   RO         7870    i.xPortStartScheduler  port.o
    0x08007458   0x08007458   0x0000002c   Code   RO         7871    i.xPortSysTickHandler  port.o
    0x08007484   0x08007484   0x00000066   Code   RO         6595    i.xQueueGenericCreateStatic  queue.o
    0x080074ea   0x080074ea   0x00000002   PAD
    0x080074ec   0x080074ec   0x00000088   Code   RO         6596    i.xQueueGenericReset  queue.o
    0x08007574   0x08007574   0x00000160   Code   RO         6597    i.xQueueGenericSend  queue.o
    0x080076d4   0x080076d4   0x000000be   Code   RO         6598    i.xQueueGenericSendFromISR  queue.o
    0x08007792   0x08007792   0x00000002   PAD
    0x08007794   0x08007794   0x00000138   Code   RO         6606    i.xQueueReceive     queue.o
    0x080078cc   0x080078cc   0x00000088   Code   RO         6959    i.xTaskCheckForTimeOut  tasks.o
    0x08007954   0x08007954   0x0000005a   Code   RO         6960    i.xTaskCreate       tasks.o
    0x080079ae   0x080079ae   0x00000056   Code   RO         6961    i.xTaskCreateStatic  tasks.o
    0x08007a04   0x08007a04   0x0000001c   Code   RO         6966    i.xTaskGetSchedulerState  tasks.o
    0x08007a20   0x08007a20   0x0000000c   Code   RO         6967    i.xTaskGetTickCount  tasks.o
    0x08007a2c   0x08007a2c   0x000000cc   Code   RO         6969    i.xTaskIncrementTick  tasks.o
    0x08007af8   0x08007af8   0x00000098   Code   RO         6972    i.xTaskPriorityDisinherit  tasks.o
    0x08007b90   0x08007b90   0x00000074   Code   RO         6974    i.xTaskRemoveFromEventList  tasks.o
    0x08007c04   0x08007c04   0x000000c4   Code   RO         6975    i.xTaskResumeAll    tasks.o
    0x08007cc8   0x08007cc8   0x00000060   Code   RO         7284    i.xTimerCreateTimerTask  timers.o
    0x08007d28   0x08007d28   0x00000068   Code   RO         7285    i.xTimerGenericCommand  timers.o
    0x08007d90   0x08007d90   0x0000000a   Code   RO         8471    x$fpl$fpinit        fz_wm.l(fpinit.o)
    0x08007d9a   0x08007d9a   0x00000002   PAD
    0x08007d9c   0x08007d9c   0x00000038   Data   RO          320    .constdata          freertos.o
    0x08007dd4   0x08007dd4   0x00000008   Data   RO         2537    .constdata          stm32f4xx_hal_dma.o
    0x08007ddc   0x08007ddc   0x00000010   Data   RO         6402    .constdata          system_stm32f4xx.o
    0x08007dec   0x08007dec   0x00000008   Data   RO         6403    .constdata          system_stm32f4xx.o
    0x08007df4   0x08007df4   0x0000000d   Data   RO          321    .conststring        freertos.o
    0x08007e01   0x08007e01   0x00000003   PAD
    0x08007e04   0x08007e04   0x00000020   Data   RO         8527    Region$$Table       anon$$obj.o


    Execution Region RW_IRAM1 (Exec base: 0x20000000, Load base: 0x08007e24, Size: 0x0000cf00, Max: 0x0001c000, ABSOLUTE, COMPRESSED[0x000000bc])

    Exec Addr    Load Addr    Size         Type   Attr      Idx    E Section Name        Object

    0x20000000   COMPRESSED   0x00000008   Data   RW          322    .data               freertos.o
    0x20000008   COMPRESSED   0x00000004   Data   RW          424    .data               can.o
    0x2000000c   COMPRESSED   0x00000008   Data   RW          471    .data               crc.o
    0x20000014   COMPRESSED   0x0000001c   Data   RW         1116    .data               usbd_desc.o
    0x20000030   COMPRESSED   0x00000032   Data   RW         1117    .data               usbd_desc.o
    0x20000062   COMPRESSED   0x00000002   PAD
    0x20000064   COMPRESSED   0x00000014   Data   RW         1200    .data               usbd_cdc_if.o
    0x20000078   COMPRESSED   0x0000000c   Data   RW         2982    .data               stm32f4xx_hal.o
    0x20000084   COMPRESSED   0x00000004   Data   RW         6404    .data               system_stm32f4xx.o
    0x20000088   COMPRESSED   0x0000003c   Data   RW         6978    .data               tasks.o
    0x200000c4   COMPRESSED   0x00000014   Data   RW         7293    .data               timers.o
    0x200000d8   COMPRESSED   0x00000020   Data   RW         7816    .data               heap_4.o
    0x200000f8   COMPRESSED   0x0000000c   Data   RW         7872    .data               port.o
    0x20000104   COMPRESSED   0x00000001   Data   RW         8111    .data               usbd_ctlreq.o
    0x20000105   COMPRESSED   0x00000003   PAD
    0x20000108   COMPRESSED   0x00000053   Data   RW         8254    .data               usbd_cdc.o
    0x2000015b   COMPRESSED   0x00000001   PAD
    0x2000015c   COMPRESSED   0x00000038   Data   RW         8255    .data               usbd_cdc.o
    0x20000194        -       0x000006a8   Zero   RW          319    .bss                freertos.o
    0x2000083c        -       0x00000090   Zero   RW          375    .bss                adc.o
    0x200008cc        -       0x00000050   Zero   RW          423    .bss                can.o
    0x2000091c        -       0x0000015c   Zero   RW          539    .bss                i2c.o
    0x20000a78        -       0x00000010   Zero   RW          591    .bss                rng.o
    0x20000a88        -       0x00000020   Zero   RW          633    .bss                rtc.o
    0x20000aa8        -       0x00000170   Zero   RW          676    .bss                spi.o
    0x20000c18        -       0x000001b0   Zero   RW          729    .bss                tim.o
    0x20000dc8        -       0x000002b8   Zero   RW          803    .bss                usart.o
    0x20001080        -       0x000002dc   Zero   RW          853    .bss                usb_device.o
    0x2000135c        -       0x00000704   Zero   RW          931    .bss                usbd_conf.o
    0x20001a60        -       0x00000200   Zero   RW         1115    .bss                usbd_desc.o
    0x20001c60        -       0x00001000   Zero   RW         1199    .bss                usbd_cdc_if.o
    0x20002c60        -       0x00000040   Zero   RW         6609    .bss                queue.o
    0x20002ca0        -       0x000000f0   Zero   RW         6977    .bss                tasks.o
    0x20002d90        -       0x00000110   Zero   RW         7292    .bss                timers.o
    0x20002ea0        -       0x00006000   Zero   RW         7815    .bss                heap_4.o
    0x20008ea0        -       0x00000060   Zero   RW         8401    .bss                c_w.l(libspace.o)
    0x20008f00        -       0x00002000   Zero   RW            2    HEAP                startup_stm32f407xx.o
    0x2000af00        -       0x00002000   Zero   RW            1    STACK               startup_stm32f407xx.o


    Execution Region RW_IRAM2 (Exec base: 0x2001c000, Load base: 0x08007ee0, Size: 0x00000000, Max: 0x00004000, ABSOLUTE)

    **** No section assigned to this execution region ****


==============================================================================

Image component sizes


      Code (inc. data)   RO Data    RW Data    ZI Data      Debug   Object Name

       324         40          0          0        144       2374   adc.o
       388         42          0          4         80       2494   can.o
       120          0          0          0          0      23249   cmsis_os.o
        76         18          0          8          0       1527   crc.o
       172          4          0          0          0        866   dma.o
         0          0          0          0          0      19760   event_groups.o
       116         18         69          8       1704       3250   freertos.o
       456         24          0          0          0       1243   gpio.o
       472         24          0         32      24576       4939   heap_4.o
       536         84          0          0        348       3188   i2c.o
       138          0          0          0          0       3614   list.o
       262          8          0          0          0     793728   main.o
         2          0          0          0          0        493   motor_task.o
       786         82          0         12          0      11985   port.o
      1502         20          0          0         64      17476   queue.o
        76         18          0          0         16       1527   rng.o
       116         22          0          0         32       1563   rtc.o
       472         44          0          0        368       2640   spi.o
        64         26        392          0      16384        856   startup_stm32f407xx.o
       180         28          0         12          0       9489   stm32f4xx_hal.o
       712         28          0          0          0       2923   stm32f4xx_hal_adc.o
       816          0          0          0          0      10355   stm32f4xx_hal_can.o
       198         14          0          0          0      33891   stm32f4xx_hal_cortex.o
        34          0          0          0          0       1079   stm32f4xx_hal_crc.o
       934         16          8          0          0       5695   stm32f4xx_hal_dma.o
       532         52          0          0          0       3428   stm32f4xx_hal_gpio.o
       392         16          0          0          0       3247   stm32f4xx_hal_i2c.o
        56          4          0          0          0        862   stm32f4xx_hal_msp.o
      2576         12          0          0          0      13724   stm32f4xx_hal_pcd.o
        78          0          0          0          0       2441   stm32f4xx_hal_pcd_ex.o
      1360         82          0          0          0       5796   stm32f4xx_hal_rcc.o
       316         20          0          0          0       1408   stm32f4xx_hal_rcc_ex.o
        50          0          0          0          0       1111   stm32f4xx_hal_rng.o
       326         12          0          0          0       3641   stm32f4xx_hal_rtc.o
       188          0          0          0          0       1239   stm32f4xx_hal_spi.o
      1316         82          0          0          0      11764   stm32f4xx_hal_tim.o
       228         28          0          0          0       2228   stm32f4xx_hal_tim_ex.o
      1288         16          0          0          0       8484   stm32f4xx_hal_uart.o
       156         48          0          0          0       9021   stm32f4xx_it.o
      2700        116          0          0          0      23584   stm32f4xx_ll_usb.o
         0          0          0          0          0        408   stream_buffer.o
        16          4         24          4          0       1139   system_stm32f4xx.o
      2160        160          0         60        240      27148   tasks.o
      1588        134          0          0        432       6687   tim.o
       972         80          0         20        272      30043   timers.o
       776         80          0          0        696       3651   usart.o
        84         18          0          0        732       2623   usb_device.o
      1198         32          0        139          0      13783   usbd_cdc.o
        72         16          0         20       4096       3142   usbd_cdc_if.o
       642         24          0          0       1796      16288   usbd_conf.o
       924          0          0          0          0      15707   usbd_core.o
      1354         28          0          1          0      15440   usbd_ctlreq.o
       288        104          0         78        512       6029   usbd_desc.o
       132          0          0          0          0       4604   usbd_ioreq.o

    ----------------------------------------------------------------------
     30768       1728        528        404      52492    1198874   Object Totals
         0          0         32          0          0          0   (incl. Generated)
        48          0          3          6          0          0   (incl. Padding)

    ----------------------------------------------------------------------

      Code (inc. data)   RO Data    RW Data    ZI Data      Debug   Library Member Name

        90          0          0          0          0          0   __dczerorl2.o
         8          0          0          0          0         68   __main.o
         0          0          0          0          0          0   __rtentry.o
        12          0          0          0          0          0   __rtentry2.o
         6          0          0          0          0          0   __rtentry4.o
        52          8          0          0          0          0   __scatter.o
        28          0          0          0          0          0   __scatter_zi.o
        16          0          0          0          0         68   aeabi_memset.o
        18          0          0          0          0         80   exit.o
         6          0          0          0          0        152   heapauxi.o
         0          0          0          0          0          0   indicate_semi.o
         2          0          0          0          0          0   libinit.o
         6          0          0          0          0          0   libinit2.o
         2          0          0          0          0          0   libshutdown.o
         2          0          0          0          0          0   libshutdown2.o
         8          4          0          0         96         68   libspace.o
       238          0          0          0          0        100   lludivv7m.o
        68          0          0          0          0         68   rt_memclr.o
        78          0          0          0          0         80   rt_memclr_w.o
       138          0          0          0          0         68   rt_memcpy_v6.o
       100          0          0          0          0         80   rt_memcpy_w.o
         2          0          0          0          0          0   rtexit.o
        10          0          0          0          0          0   rtexit2.o
        12          4          0          0          0         68   sys_exit.o
        74          0          0          0          0         80   sys_stackheap_outer.o
         2          0          0          0          0         68   use_no_semi.o
        10          0          0          0          0        116   fpinit.o

    ----------------------------------------------------------------------
       996         16          0          0         96       1164   Library Totals
         8          0          0          0          0          0   (incl. Padding)

    ----------------------------------------------------------------------

      Code (inc. data)   RO Data    RW Data    ZI Data      Debug   Library Name

       978         16          0          0         96       1048   c_w.l
        10          0          0          0          0        116   fz_wm.l

    ----------------------------------------------------------------------
       996         16          0          0         96       1164   Library Totals

    ----------------------------------------------------------------------

==============================================================================


      Code (inc. data)   RO Data    RW Data    ZI Data      Debug   

     31764       1744        528        404      52588    1165970   Grand Totals
     31764       1744        528        188      52588    1165970   ELF Image Totals (compressed)
     31764       1744        528        188          0          0   ROM Totals

==============================================================================

    Total RO  Size (Code + RO Data)                32292 (  31.54kB)
    Total RW  Size (RW Data + ZI Data)             52992 (  51.75kB)
    Total ROM Size (Code + RO Data + RW Data)      32480 (  31.72kB)

==============================================================================

